+ /root/lcb-venv/bin/python -m venv --system-site-packages /root/bcb-venv
+ /root/bcb-venv/bin/python -m pip install --upgrade pip
Requirement already satisfied: pip in /root/bcb-venv/lib/python3.10/site-packages (22.0.2)
Collecting pip
  Using cached pip-26.2.1-py3-none-any.whl (1.8 MB)
Installing collected packages: pip
  Attempting uninstall: pip
    Found existing installation: pip 22.0.2
    Uninstalling pip-22.0.2:
      Successfully uninstalled pip-22.0.2
Successfully installed pip-26.2.1
+ /root/bcb-venv/bin/python -m pip install 'numpy<2' pandas scipy matplotlib seaborn scikit-learn statsmodels sympy requests beautifulsoup4 django flask flask-restful flask-login flask-wtf flask-mail wtforms werkzeug mechanize wikipedia folium geopy geopandas shapely opencv-python-headless pillow scikit-image wordcloud librosa soundfile psutil regex pytz holidays nltk cryptography tensorflow-cpu
Collecting numpy<2
  Downloading numpy-1.26.4-cp310-cp310-manylinux_2_17_x86_64.manylinux2014_x86_64.whl.metadata (61 kB)
Collecting pandas
  Using cached pandas-2.3.3-cp310-cp310-manylinux_2_24_x86_64.manylinux_2_28_x86_64.whl.metadata (91 kB)
Collecting scipy
  Downloading scipy-1.15.3-cp310-cp310-manylinux_2_17_x86_64.manylinux2014_x86_64.whl.metadata (61 kB)
Collecting matplotlib
  Downloading matplotlib-3.10.9-cp310-cp310-manylinux2014_x86_64.manylinux_2_17_x86_64.whl.metadata (52 kB)
Collecting seaborn
  Downloading seaborn-0.13.2-py3-none-any.whl.metadata (5.4 kB)
Collecting scikit-learn
  Downloading scikit_learn-1.7.2-cp310-cp310-manylinux2014_x86_64.manylinux_2_17_x86_64.whl.metadata (11 kB)
Collecting statsmodels
  Downloading statsmodels-0.15.0-cp310-cp310-manylinux_2_27_x86_64.manylinux_2_28_x86_64.whl.metadata (9.6 kB)
Collecting sympy
  Downloading sympy-1.14.0-py3-none-any.whl.metadata (12 kB)
Requirement already satisfied: requests in /usr/lib/python3/dist-packages (2.25.1)
Collecting beautifulsoup4
  Downloading beautifulsoup4-4.15.0-py3-none-any.whl.metadata (3.8 kB)
Collecting django
  Downloading django-5.2.17-py3-none-any.whl.metadata (4.1 kB)
Collecting flask
  Downloading flask-3.1.3-py3-none-any.whl.metadata (3.2 kB)
Collecting flask-restful
  Downloading Flask_RESTful-0.3.10-py2.py3-none-any.whl.metadata (1.0 kB)
Collecting flask-login
  Downloading Flask_Login-0.6.3-py3-none-any.whl.metadata (5.8 kB)
Collecting flask-wtf
  Downloading flask_wtf-1.3.0-py3-none-any.whl.metadata (3.4 kB)
Collecting flask-mail
  Downloading flask_mail-0.10.0-py3-none-any.whl.metadata (2.1 kB)
Collecting wtforms
  Downloading wtforms-3.2.2-py3-none-any.whl.metadata (4.9 kB)
Collecting werkzeug
  Downloading werkzeug-3.1.8-py3-none-any.whl.metadata (4.0 kB)
Collecting mechanize
  Downloading mechanize-0.4.10-py2.py3-none-any.whl.metadata (4.3 kB)
Collecting wikipedia
  Downloading wikipedia-1.4.0.tar.gz (27 kB)
  Installing build dependencies: started
  Installing build dependencies: finished with status 'done'
  Getting requirements to build wheel: started
  Getting requirements to build wheel: finished with status 'done'
  Preparing metadata (pyproject.toml): started
  Preparing metadata (pyproject.toml): finished with status 'done'
Collecting folium
  Downloading folium-0.20.0-py2.py3-none-any.whl.metadata (4.2 kB)
Collecting geopy
  Downloading geopy-2.5.0-py3-none-any.whl.metadata (7.1 kB)
Collecting geopandas
  Downloading geopandas-1.1.4-py3-none-any.whl.metadata (2.3 kB)
Collecting shapely
  Downloading shapely-2.1.2-cp310-cp310-manylinux2014_x86_64.manylinux_2_17_x86_64.whl.metadata (6.8 kB)
Collecting opencv-python-headless
  Downloading opencv_python_headless-5.0.0.93-cp37-abi3-manylinux_2_28_x86_64.whl.metadata (19 kB)
Collecting pillow
  Downloading pillow-12.3.0-cp310-cp310-manylinux_2_27_x86_64.manylinux_2_28_x86_64.whl.metadata (9.1 kB)
Collecting scikit-image
  Downloading scikit_image-0.25.2-cp310-cp310-manylinux_2_17_x86_64.manylinux2014_x86_64.whl.metadata (14 kB)
Collecting wordcloud
  Downloading wordcloud-1.9.6-cp310-cp310-manylinux2014_x86_64.manylinux_2_17_x86_64.manylinux_2_28_x86_64.whl.metadata (3.4 kB)
Collecting librosa
  Downloading librosa-0.11.0-py3-none-any.whl.metadata (8.7 kB)
Collecting soundfile
  Downloading soundfile-0.14.0-py2.py3-none-manylinux_2_28_x86_64.whl.metadata (18 kB)
Collecting psutil
  Using cached psutil-7.2.2-cp36-abi3-manylinux2010_x86_64.manylinux_2_12_x86_64.manylinux_2_28_x86_64.whl.metadata (22 kB)
Collecting regex
  Downloading regex-2026.9.10-cp310-cp310-manylinux2014_x86_64.manylinux_2_17_x86_64.manylinux_2_28_x86_64.whl.metadata (40 kB)
Requirement already satisfied: pytz in /usr/lib/python3/dist-packages (2022.1)
Collecting holidays
  Downloading holidays-0.104-py3-none-any.whl.metadata (55 kB)
Collecting nltk
  Downloading nltk-3.10.3-py3-none-any.whl.metadata (3.2 kB)
Requirement already satisfied: cryptography in /usr/lib/python3/dist-packages (3.4.8)
Collecting tensorflow-cpu
  Downloading tensorflow_cpu-2.21.0-cp310-cp310-manylinux_2_27_x86_64.whl.metadata (4.4 kB)
Collecting python-dateutil>=2.8.2 (from pandas)
  Using cached python_dateutil-2.9.0.post0-py2.py3-none-any.whl.metadata (8.4 kB)
Collecting tzdata>=2022.7 (from pandas)
  Using cached tzdata-2026.3-py2.py3-none-any.whl.metadata (1.4 kB)
Collecting contourpy>=1.0.1 (from matplotlib)
  Downloading contourpy-1.3.2-cp310-cp310-manylinux_2_17_x86_64.manylinux2014_x86_64.whl.metadata (5.5 kB)
Collecting cycler>=0.10 (from matplotlib)
  Downloading cycler-0.12.1-py3-none-any.whl.metadata (3.8 kB)
Collecting fonttools>=4.22.0 (from matplotlib)
  Downloading fonttools-4.64.0-cp310-cp310-manylinux2014_x86_64.manylinux_2_17_x86_64.whl.metadata (123 kB)
Collecting kiwisolver>=1.3.1 (from matplotlib)
  Downloading kiwisolver-1.5.1-cp310-cp310-manylinux_2_12_x86_64.manylinux2010_x86_64.whl.metadata (5.2 kB)
Collecting packaging>=20.0 (from matplotlib)
  Using cached packaging-26.3-py3-none-any.whl.metadata (3.5 kB)
Collecting pyparsing>=3 (from matplotlib)
  Using cached pyparsing-3.3.2-py3-none-any.whl.metadata (5.8 kB)
Collecting joblib>=1.2.0 (from scikit-learn)
  Downloading joblib-1.6.0-py3-none-any.whl.metadata (6.5 kB)
Collecting threadpoolctl>=3.1.0 (from scikit-learn)
  Downloading threadpoolctl-3.6.0-py3-none-any.whl.metadata (13 kB)
Collecting patsy>=0.5.6 (from statsmodels)
  Downloading patsy-1.0.3-py2.py3-none-any.whl.metadata (3.7 kB)
Collecting formulaic>=1.1.0 (from statsmodels)
  Downloading formulaic-1.2.2-py3-none-any.whl.metadata (7.0 kB)
Collecting mpmath<1.4,>=1.1.0 (from sympy)
  Downloading mpmath-1.3.0-py3-none-any.whl.metadata (8.6 kB)
Collecting soupsieve>=1.6.1 (from beautifulsoup4)
  Downloading soupsieve-2.9.2-py3-none-any.whl.metadata (4.6 kB)
Collecting typing-extensions>=4.0.0 (from beautifulsoup4)
  Using cached typing_extensions-4.16.0-py3-none-any.whl.metadata (3.3 kB)
Collecting asgiref>=3.8.1 (from django)
  Downloading asgiref-3.12.1-py3-none-any.whl.metadata (9.4 kB)
Collecting sqlparse>=0.3.1 (from django)
  Downloading sqlparse-0.6.0-py3-none-any.whl.metadata (6.0 kB)
Collecting blinker>=1.9.0 (from flask)
  Downloading blinker-1.9.0-py3-none-any.whl.metadata (1.6 kB)
Collecting click>=8.1.3 (from flask)
  Using cached click-8.5.0-py3-none-any.whl.metadata (2.6 kB)
Collecting itsdangerous>=2.2.0 (from flask)
  Downloading itsdangerous-2.2.0-py3-none-any.whl.metadata (1.9 kB)
Collecting jinja2>=3.1.2 (from flask)
  Downloading jinja2-3.1.6-py3-none-any.whl.metadata (2.9 kB)
Collecting markupsafe>=2.1.1 (from flask)
  Downloading markupsafe-3.0.3-cp310-cp310-manylinux2014_x86_64.manylinux_2_17_x86_64.manylinux_2_28_x86_64.whl.metadata (2.7 kB)
Collecting aniso8601>=0.82 (from flask-restful)
  Downloading aniso8601-10.0.1-py2.py3-none-any.whl.metadata (23 kB)
Requirement already satisfied: six>=1.3.0 in /usr/lib/python3/dist-packages (from flask-restful) (1.16.0)
Collecting html5lib>=0.999999999 (from mechanize)
  Downloading html5lib-1.1-py2.py3-none-any.whl.metadata (16 kB)
Collecting branca>=0.6.0 (from folium)
  Downloading branca-0.8.2-py3-none-any.whl.metadata (1.7 kB)
Collecting xyzservices (from folium)
  Downloading xyzservices-2026.9.1-py3-none-any.whl.metadata (4.1 kB)
Collecting geographiclib<3,>=1.52 (from geopy)
  Downloading geographiclib-2.1-py3-none-any.whl.metadata (1.6 kB)
Collecting pyogrio>=0.7.2 (from geopandas)
  Downloading pyogrio-0.13.0-cp310-cp310-manylinux_2_28_x86_64.whl.metadata (5.8 kB)
Collecting pyproj>=3.5.0 (from geopandas)
  Downloading pyproj-3.7.1-cp310-cp310-manylinux_2_17_x86_64.manylinux2014_x86_64.whl.metadata (31 kB)
INFO: pip is looking at multiple versions of opencv-python-headless to determine which version is compatible with other requirements. This could take a while.
Collecting opencv-python-headless
  Downloading opencv_python_headless-4.14.0.94-cp37-abi3-manylinux_2_28_x86_64.whl.metadata (19 kB)
  Downloading opencv_python_headless-4.13.0.92-cp37-abi3-manylinux_2_28_x86_64.whl.metadata (19 kB)
  Downloading opencv_python_headless-4.13.0.90-cp37-abi3-manylinux_2_28_x86_64.whl.metadata (19 kB)
  Downloading opencv_python_headless-4.12.0.88-cp37-abi3-manylinux2014_x86_64.manylinux_2_17_x86_64.whl.metadata (19 kB)
  Downloading opencv_python_headless-4.11.0.86-cp37-abi3-manylinux_2_17_x86_64.manylinux2014_x86_64.whl.metadata (20 kB)
Collecting networkx>=3.0 (from scikit-image)
  Downloading networkx-3.4.2-py3-none-any.whl.metadata (6.3 kB)
Collecting imageio!=2.35.0,>=2.33 (from scikit-image)
  Downloading imageio-2.37.4-py3-none-any.whl.metadata (9.6 kB)
Collecting tifffile>=2022.8.12 (from scikit-image)
  Downloading tifffile-2025.5.10-py3-none-any.whl.metadata (31 kB)
Collecting lazy-loader>=0.4 (from scikit-image)
  Downloading lazy_loader-0.5-py3-none-any.whl.metadata (5.9 kB)
Collecting audioread>=2.1.9 (from librosa)
  Downloading audioread-3.1.0-py3-none-any.whl.metadata (9.0 kB)
WARNING: Retrying (Retry(total=4, connect=None, read=None, redirect=None, status=None)) after connection broken by 'RemoteDisconnected('Remote end closed connection without response')': /simple/numba/
Collecting numba>=0.51.0 (from librosa)
  Downloading numba-0.67.0-cp310-cp310-manylinux2014_x86_64.manylinux_2_17_x86_64.whl.metadata (2.7 kB)
Collecting decorator>=4.3.0 (from librosa)
  Downloading decorator-5.3.1-py3-none-any.whl.metadata (3.9 kB)
Collecting pooch>=1.1 (from librosa)
  Downloading pooch-1.9.0-py3-none-any.whl.metadata (10 kB)
Collecting soxr>=0.3.2 (from librosa)
  Downloading soxr-1.1.0-cp310-cp310-manylinux_2_27_x86_64.manylinux_2_28_x86_64.whl.metadata (5.8 kB)
Collecting msgpack>=1.0 (from librosa)
  Downloading msgpack-1.2.2-cp310-cp310-manylinux2014_x86_64.manylinux_2_17_x86_64.manylinux_2_28_x86_64.whl.metadata (8.3 kB)
Collecting cffi>=1.0 (from soundfile)
  Using cached cffi-2.1.1-cp310-cp310-manylinux2014_x86_64.manylinux_2_17_x86_64.whl.metadata (2.5 kB)
Collecting defusedxml (from nltk)
  Downloading defusedxml-0.7.1-py2.py3-none-any.whl.metadata (32 kB)
Collecting tqdm (from nltk)
  Using cached tqdm-4.70.0-py3-none-any.whl.metadata (57 kB)
Collecting absl-py>=1.0.0 (from tensorflow-cpu)
  Downloading absl_py-2.5.0-py3-none-any.whl.metadata (3.3 kB)
Collecting astunparse>=1.6.0 (from tensorflow-cpu)
  Downloading astunparse-1.6.3-py2.py3-none-any.whl.metadata (4.4 kB)
Collecting flatbuffers>=25.9.23 (from tensorflow-cpu)
  Downloading flatbuffers-25.12.19-py2.py3-none-any.whl.metadata (1.0 kB)
Collecting gast!=0.5.0,!=0.5.1,!=0.5.2,>=0.2.1 (from tensorflow-cpu)
  Downloading gast-0.7.0-py3-none-any.whl.metadata (1.5 kB)
Collecting google_pasta>=0.1.1 (from tensorflow-cpu)
  Downloading google_pasta-0.2.0-py3-none-any.whl.metadata (814 bytes)
Collecting libclang>=13.0.0 (from tensorflow-cpu)
  Downloading libclang-18.1.1-py2.py3-none-manylinux2010_x86_64.whl.metadata (5.2 kB)
Collecting opt_einsum>=2.3.2 (from tensorflow-cpu)
  Downloading opt_einsum-3.4.0-py3-none-any.whl.metadata (6.3 kB)
Collecting protobuf<8.0.0,>=6.31.1 (from tensorflow-cpu)
  Using cached protobuf-7.36.1-cp310-abi3-manylinux2014_x86_64.whl.metadata (595 bytes)
Requirement already satisfied: setuptools in /root/bcb-venv/lib/python3.10/site-packages (from tensorflow-cpu) (59.6.0)
Collecting termcolor>=1.1.0 (from tensorflow-cpu)
  Using cached termcolor-3.3.0-py3-none-any.whl.metadata (6.5 kB)
Collecting wrapt>=1.11.0 (from tensorflow-cpu)
  Downloading wrapt-2.4.0-cp310-cp310-manylinux1_x86_64.manylinux_2_28_x86_64.manylinux_2_5_x86_64.whl.metadata (7.4 kB)
Collecting grpcio<2.0,>=1.24.3 (from tensorflow-cpu)
  Using cached grpcio-1.83.1-cp310-cp310-manylinux2014_x86_64.manylinux_2_17_x86_64.whl.metadata (3.7 kB)
Collecting keras>=3.12.0 (from tensorflow-cpu)
  Downloading keras-3.12.4-py3-none-any.whl.metadata (6.0 kB)
Collecting h5py<3.15.0,>=3.11.0 (from tensorflow-cpu)
  Downloading h5py-3.14.0-cp310-cp310-manylinux_2_17_x86_64.manylinux2014_x86_64.whl.metadata (2.7 kB)
Collecting ml_dtypes<1.0.0,>=0.5.1 (from tensorflow-cpu)
  Downloading ml_dtypes-0.6.0-cp310-cp310-manylinux_2_27_x86_64.manylinux_2_28_x86_64.whl.metadata (8.8 kB)
INFO: pip is looking at multiple versions of ml-dtypes to determine which version is compatible with other requirements. This could take a while.
  Downloading ml_dtypes-0.5.4-cp310-cp310-manylinux_2_27_x86_64.manylinux_2_28_x86_64.whl.metadata (8.9 kB)
Requirement already satisfied: wheel<1.0,>=0.23.0 in /usr/lib/python3/dist-packages (from astunparse>=1.6.0->tensorflow-cpu) (0.37.1)
Collecting pycparser (from cffi>=1.0->soundfile)
  Using cached pycparser-3.0-py3-none-any.whl.metadata (8.2 kB)
Collecting interface-meta>=1.2.0 (from formulaic>=1.1.0->statsmodels)
  Downloading interface_meta-2.0.1-py3-none-any.whl.metadata (6.4 kB)
Collecting narwhals>=1.17 (from formulaic>=1.1.0->statsmodels)
  Downloading narwhals-2.26.0-py3-none-any.whl.metadata (15 kB)
Collecting webencodings (from html5lib>=0.999999999->mechanize)
  Downloading webencodings-0.6.1-py3-none-any.whl.metadata (3.4 kB)
Collecting cloudpickle>=3.0 (from joblib>=1.2.0->scikit-learn)
  Downloading cloudpickle-3.1.2-py3-none-any.whl.metadata (7.1 kB)
Collecting rich (from keras>=3.12.0->tensorflow-cpu)
  Using cached rich-15.0.0-py3-none-any.whl.metadata (18 kB)
Collecting namex (from keras>=3.12.0->tensorflow-cpu)
  Downloading namex-0.1.0-py3-none-any.whl.metadata (322 bytes)
Collecting optree (from keras>=3.12.0->tensorflow-cpu)
  Downloading optree-0.20.0-cp310-cp310-manylinux_2_27_x86_64.manylinux_2_28_x86_64.whl.metadata (32 kB)
Collecting llvmlite<0.50,>=0.49.0dev0 (from numba>=0.51.0->librosa)
  Downloading llvmlite-0.49.0-cp310-cp310-manylinux2014_x86_64.manylinux_2_17_x86_64.whl.metadata (5.0 kB)
Collecting platformdirs>=2.5.0 (from pooch>=1.1->librosa)
  Downloading platformdirs-4.11.8-py3-none-any.whl.metadata (5.5 kB)
Requirement already satisfied: certifi in /usr/lib/python3/dist-packages (from pyogrio>=0.7.2->geopandas) (2020.6.20)
Collecting markdown-it-py>=2.2.0 (from rich->keras>=3.12.0->tensorflow-cpu)
  Using cached markdown_it_py-4.2.0-py3-none-any.whl.metadata (7.4 kB)
Collecting pygments<3.0.0,>=2.13.0 (from rich->keras>=3.12.0->tensorflow-cpu)
  Using cached pygments-2.21.0-py3-none-any.whl.metadata (2.5 kB)
Collecting mdurl~=0.1 (from markdown-it-py>=2.2.0->rich->keras>=3.12.0->tensorflow-cpu)
  Using cached mdurl-0.1.2-py3-none-any.whl.metadata (1.6 kB)
Downloading numpy-1.26.4-cp310-cp310-manylinux_2_17_x86_64.manylinux2014_x86_64.whl (18.2 MB)
   ━━━━━━━━━━━━━━━━━━━━━━━━━━━━━━━━━━━━━━━━ 18.2/18.2 MB 182.9 kB/s  0:03:19
Using cached pandas-2.3.3-cp310-cp310-manylinux_2_24_x86_64.manylinux_2_28_x86_64.whl (12.8 MB)
Downloading scipy-1.15.3-cp310-cp310-manylinux_2_17_x86_64.manylinux2014_x86_64.whl (37.7 MB)
   ━━━━━━━━━━━━━━━━━━━━━━━━━━━━━━━━━━━━━━━━ 37.7/37.7 MB 90.4 kB/s  0:07:40
Downloading matplotlib-3.10.9-cp310-cp310-manylinux2014_x86_64.manylinux_2_17_x86_64.whl (8.8 MB)
   ━━━━━━━━━━━━━━━━━━━━━━━━━━━━━━━━━━━━━━━━ 8.8/8.8 MB 109.8 kB/s  0:00:48
Downloading seaborn-0.13.2-py3-none-any.whl (294 kB)
Downloading scikit_learn-1.7.2-cp310-cp310-manylinux2014_x86_64.manylinux_2_17_x86_64.whl (9.7 MB)
   ━━━━━━━━━━━━━━━━━━━━━━━━━━━━━━━━━━━━━━━━ 9.7/9.7 MB 118.3 kB/s  0:01:40
Downloading statsmodels-0.15.0-cp310-cp310-manylinux_2_27_x86_64.manylinux_2_28_x86_64.whl (12.1 MB)
   ━━━━━━━━━━━━━━━━━━━━━━━━━━━━━━━━━━━━━━━━ 12.1/12.1 MB 26.0 kB/s  0:03:43
Downloading sympy-1.14.0-py3-none-any.whl (6.3 MB)
   ━━━━━━━━━━━━━━━━━━━━━━━━━━━━━━━━━━━━━━━━ 6.3/6.3 MB 90.3 kB/s  0:01:59
Downloading mpmath-1.3.0-py3-none-any.whl (536 kB)
   ━━━━━━━━━━━━━━━━━━━━━━━━━━━━━━━━━━━━━━━━ 536.2/536.2 kB 91.2 kB/s  0:00:05
Downloading beautifulsoup4-4.15.0-py3-none-any.whl (109 kB)
Downloading django-5.2.17-py3-none-any.whl (8.3 MB)
   ━━━━━━━━━━━━━━━━━━━━━━━━━━━━━━━━━━━━━━━━ 8.3/8.3 MB 69.8 kB/s  0:02:07
Downloading flask-3.1.3-py3-none-any.whl (103 kB)
Downloading Flask_RESTful-0.3.10-py2.py3-none-any.whl (26 kB)
Downloading Flask_Login-0.6.3-py3-none-any.whl (17 kB)
Downloading flask_wtf-1.3.0-py3-none-any.whl (13 kB)
Downloading flask_mail-0.10.0-py3-none-any.whl (8.5 kB)
Downloading wtforms-3.2.2-py3-none-any.whl (158 kB)
Downloading werkzeug-3.1.8-py3-none-any.whl (226 kB)
Downloading mechanize-0.4.10-py2.py3-none-any.whl (110 kB)
Downloading folium-0.20.0-py2.py3-none-any.whl (113 kB)
Downloading geopy-2.5.0-py3-none-any.whl (114 kB)
Downloading geographiclib-2.1-py3-none-any.whl (40 kB)
Downloading geopandas-1.1.4-py3-none-any.whl (343 kB)
Downloading shapely-2.1.2-cp310-cp310-manylinux2014_x86_64.manylinux_2_17_x86_64.whl (3.1 MB)
   ━━━━━━━━━━━━━━━━━━━━━━━━━━━━━━━━━━━━━━━━ 3.1/3.1 MB 86.7 kB/s  0:00:41
Downloading opencv_python_headless-4.11.0.86-cp37-abi3-manylinux_2_17_x86_64.manylinux2014_x86_64.whl (50.0 MB)
   ━━━━━━━━━━━━━━━━━━━━━━━━━━━━━━━━━━━━━━━━ 50.0/50.0 MB 58.6 kB/s  0:12:59
Downloading pillow-12.3.0-cp310-cp310-manylinux_2_27_x86_64.manylinux_2_28_x86_64.whl (6.9 MB)
   ━━━━━━━━━━━━━━━━━━━━━━━━━━━━━━━━━━━━━━━━ 6.9/6.9 MB 30.6 kB/s  0:03:37
Downloading scikit_image-0.25.2-cp310-cp310-manylinux_2_17_x86_64.manylinux2014_x86_64.whl (14.8 MB)
   ━━━━━━━━━━━━━━━━━━━━━━━━━━━━━━━━━━━━━━━━ 14.8/14.8 MB 46.7 kB/s  0:05:20
Downloading wordcloud-1.9.6-cp310-cp310-manylinux2014_x86_64.manylinux_2_17_x86_64.manylinux_2_28_x86_64.whl (526 kB)
   ━━━━━━━━━━━━━━━━━━━━━━━━━━━━━━━━━━━━━━━━ 526.2/526.2 kB 65.9 kB/s  0:00:06
Downloading librosa-0.11.0-py3-none-any.whl (260 kB)
Downloading soundfile-0.14.0-py2.py3-none-manylinux_2_28_x86_64.whl (1.3 MB)
   ━━━━━━━━━━━━━━━━━━━━━━━━━━━━━━━━━━━━━━━━ 1.3/1.3 MB 46.1 kB/s  0:00:25
Using cached psutil-7.2.2-cp36-abi3-manylinux2010_x86_64.manylinux_2_12_x86_64.manylinux_2_28_x86_64.whl (155 kB)
Downloading regex-2026.9.10-cp310-cp310-manylinux2014_x86_64.manylinux_2_17_x86_64.manylinux_2_28_x86_64.whl (796 kB)
   ━━━━━━━━━━━━━━━━━━━━━━━━━━━━━━━━━━━━━━━━ 796.3/796.3 kB 44.6 kB/s  0:00:15
Downloading holidays-0.104-py3-none-any.whl (1.6 MB)
   ━━━━━━━━━━━━━━━━━━━━━━━━━━━━━━━━━━━━━━━━ 1.6/1.6 MB 23.3 kB/s  0:01:03
Using cached python_dateutil-2.9.0.post0-py2.py3-none-any.whl (229 kB)
Downloading nltk-3.10.3-py3-none-any.whl (1.8 MB)
   ━━━━━━━━━━━━━━━━━━━━━━━━━━━━━━━━━━━━━━━━ 1.8/1.8 MB 27.7 kB/s  0:01:02
Downloading tensorflow_cpu-2.21.0-cp310-cp310-manylinux_2_27_x86_64.whl (273.6 MB)
   ━━━━━━━━━━━━━━━━━━━━━━━━━━━━━━━━━━━━━━━━ 273.6/273.6 MB 25.9 kB/s  3:32:42
Using cached grpcio-1.83.1-cp310-cp310-manylinux2014_x86_64.manylinux_2_17_x86_64.whl (7.1 MB)
Downloading h5py-3.14.0-cp310-cp310-manylinux_2_17_x86_64.manylinux2014_x86_64.whl (4.6 MB)
   ━━━━━━━━━━━━━━━━━━━━━━━━━━━━━━━━━━━━━━━━ 4.6/4.6 MB 41.7 kB/s  0:02:16
Downloading ml_dtypes-0.5.4-cp310-cp310-manylinux_2_27_x86_64.manylinux_2_28_x86_64.whl (5.0 MB)
   ━━━━━━━━━━━━━━━━━━━━━━━━━━━━━━━━━━━━━━━━ 5.0/5.0 MB 23.1 kB/s  0:03:35
Downloading protobuf-7.36.1-cp310-abi3-manylinux2014_x86_64.whl (343 kB)
Using cached typing_extensions-4.16.0-py3-none-any.whl (45 kB)
Downloading absl_py-2.5.0-py3-none-any.whl (137 kB)
Downloading aniso8601-10.0.1-py2.py3-none-any.whl (52 kB)
Downloading asgiref-3.12.1-py3-none-any.whl (25 kB)
Downloading astunparse-1.6.3-py2.py3-none-any.whl (12 kB)
Downloading audioread-3.1.0-py3-none-any.whl (23 kB)
Downloading blinker-1.9.0-py3-none-any.whl (8.5 kB)
Downloading branca-0.8.2-py3-none-any.whl (26 kB)
Using cached cffi-2.1.1-cp310-cp310-manylinux2014_x86_64.manylinux_2_17_x86_64.whl (218 kB)
Using cached click-8.5.0-py3-none-any.whl (125 kB)
Downloading contourpy-1.3.2-cp310-cp310-manylinux_2_17_x86_64.manylinux2014_x86_64.whl (325 kB)
Downloading cycler-0.12.1-py3-none-any.whl (8.3 kB)
Downloading decorator-5.3.1-py3-none-any.whl (10 kB)
Downloading flatbuffers-25.12.19-py2.py3-none-any.whl (26 kB)
Downloading fonttools-4.64.0-cp310-cp310-manylinux2014_x86_64.manylinux_2_17_x86_64.whl (5.3 MB)
   ━━━━━━━━━━━━━━━━━━━━━━━━━━━━━━━━━━━━━━━━ 5.3/5.3 MB 52.6 kB/s  0:02:40
Downloading formulaic-1.2.2-py3-none-any.whl (118 kB)
Downloading gast-0.7.0-py3-none-any.whl (22 kB)
Downloading google_pasta-0.2.0-py3-none-any.whl (57 kB)
Downloading html5lib-1.1-py2.py3-none-any.whl (112 kB)
Downloading imageio-2.37.4-py3-none-any.whl (318 kB)
Downloading interface_meta-2.0.1-py3-none-any.whl (15 kB)
Downloading itsdangerous-2.2.0-py3-none-any.whl (16 kB)
Downloading jinja2-3.1.6-py3-none-any.whl (134 kB)
Downloading joblib-1.6.0-py3-none-any.whl (306 kB)
Downloading cloudpickle-3.1.2-py3-none-any.whl (22 kB)
Downloading keras-3.12.4-py3-none-any.whl (2.1 MB)
   ━━━━━━━━━━━━━━━━━━━━━━━━━━━━━━━━━━━━━━━━ 2.1/2.1 MB 42.4 kB/s  0:00:50
Downloading kiwisolver-1.5.1-cp310-cp310-manylinux_2_12_x86_64.manylinux2010_x86_64.whl (1.6 MB)
   ━━━━━━━━━━━━━━━━━━━━━━━━━━━━━━━━━━━━━━━━ 1.6/1.6 MB 36.9 kB/s  0:00:59
Downloading lazy_loader-0.5-py3-none-any.whl (8.0 kB)
Downloading libclang-18.1.1-py2.py3-none-manylinux2010_x86_64.whl (24.5 MB)
   ━━━━━━━━━━━━━━━━━━━━━━━━━━━━━━━━━━━━━━━━ 24.5/24.5 MB 127.1 kB/s  0:05:11
Downloading markupsafe-3.0.3-cp310-cp310-manylinux2014_x86_64.manylinux_2_17_x86_64.manylinux_2_28_x86_64.whl (20 kB)
Downloading msgpack-1.2.2-cp310-cp310-manylinux2014_x86_64.manylinux_2_17_x86_64.manylinux_2_28_x86_64.whl (407 kB)
Downloading narwhals-2.26.0-py3-none-any.whl (474 kB)
Downloading networkx-3.4.2-py3-none-any.whl (1.7 MB)
   ━━━━━━━━━━━━━━━━━━━━━━━━━━━━━━━━━━━━━━━━ 1.7/1.7 MB 306.4 kB/s  0:00:05
Downloading numba-0.67.0-cp310-cp310-manylinux2014_x86_64.manylinux_2_17_x86_64.whl (3.8 MB)
   ━━━━━━━━━━━━━━━━━━━━━━━━━━━━━━━━━━━━━━━━ 3.8/3.8 MB 269.1 kB/s  0:00:14
Downloading llvmlite-0.49.0-cp310-cp310-manylinux2014_x86_64.manylinux_2_17_x86_64.whl (59.9 MB)
   ━━━━━━━━━━━━━━━━━━━━━━━━━━━━━━━━━━━━━━━━ 59.9/59.9 MB 303.3 kB/s  0:03:54
Downloading opt_einsum-3.4.0-py3-none-any.whl (71 kB)
Using cached packaging-26.3-py3-none-any.whl (129 kB)
Downloading patsy-1.0.3-py2.py3-none-any.whl (233 kB)
Downloading pooch-1.9.0-py3-none-any.whl (67 kB)
Downloading platformdirs-4.11.8-py3-none-any.whl (24 kB)
Downloading pyogrio-0.13.0-cp310-cp310-manylinux_2_28_x86_64.whl (33.7 MB)
   ━━━━━━━━━━━━━━━━━━━━━━━━━━━━━━━━━━━━━━━━ 33.7/33.7 MB 678.9 kB/s  0:01:40
Using cached pyparsing-3.3.2-py3-none-any.whl (122 kB)
Downloading pyproj-3.7.1-cp310-cp310-manylinux_2_17_x86_64.manylinux2014_x86_64.whl (9.3 MB)
   ━━━━━━━━━━━━━━━━━━━━━━━━━━━━━━━━━━━━━━━━ 9.3/9.3 MB 598.9 kB/s  0:00:15
Downloading soupsieve-2.9.2-py3-none-any.whl (37 kB)
Downloading soxr-1.1.0-cp310-cp310-manylinux_2_27_x86_64.manylinux_2_28_x86_64.whl (245 kB)
Downloading sqlparse-0.6.0-py3-none-any.whl (50 kB)
Using cached termcolor-3.3.0-py3-none-any.whl (7.7 kB)
Downloading threadpoolctl-3.6.0-py3-none-any.whl (18 kB)
Downloading tifffile-2025.5.10-py3-none-any.whl (226 kB)
Using cached tzdata-2026.3-py2.py3-none-any.whl (348 kB)
Downloading wrapt-2.4.0-cp310-cp310-manylinux1_x86_64.manylinux_2_28_x86_64.manylinux_2_5_x86_64.whl (209 kB)
Downloading defusedxml-0.7.1-py2.py3-none-any.whl (25 kB)
Downloading namex-0.1.0-py3-none-any.whl (5.9 kB)
Downloading optree-0.20.0-cp310-cp310-manylinux_2_27_x86_64.manylinux_2_28_x86_64.whl (452 kB)
Using cached pycparser-3.0-py3-none-any.whl (48 kB)
Using cached rich-15.0.0-py3-none-any.whl (310 kB)
Using cached pygments-2.21.0-py3-none-any.whl (1.3 MB)
Using cached markdown_it_py-4.2.0-py3-none-any.whl (91 kB)
Using cached mdurl-0.1.2-py3-none-any.whl (10.0 kB)
Using cached tqdm-4.70.0-py3-none-any.whl (80 kB)
Downloading webencodings-0.6.1-py3-none-any.whl (8.7 kB)
Downloading xyzservices-2026.9.1-py3-none-any.whl (98 kB)
Building wheels for collected packages: wikipedia
  Building wheel for wikipedia (pyproject.toml): started
  Building wheel for wikipedia (pyproject.toml): finished with status 'done'
  Created wheel for wikipedia: filename=wikipedia-1.4.0-py3-none-any.whl size=11757 sha256=e301b6b6455bb92cffd70f09cb2015ff0a06978d01fe0062254f3c88272a3388
  Stored in directory: /root/.cache/pip/wheels/5e/b6/c5/93f3dec388ae76edc830cb42901bb0232504dfc0df02fc50de
Successfully built wikipedia
WARNING: Error parsing dependencies of distro-info: Invalid version: '1.1build1'
WARNING: Error parsing dependencies of python-debian: Invalid version: '0.1.43ubuntu1'
Installing collected packages: namex, mpmath, libclang, flatbuffers, aniso8601, xyzservices, wrapt, webencodings, tzdata, typing-extensions, tqdm, threadpoolctl, termcolor, sympy, sqlparse, soupsieve, regex, python-dateutil, pyproj, pyparsing, pygments, pycparser, psutil, protobuf, platformdirs, pillow, packaging, opt_einsum, numpy, networkx, narwhals, msgpack, mdurl, markupsafe, llvmlite, kiwisolver, itsdangerous, interface-meta, google_pasta, geographiclib, gast, fonttools, defusedxml, decorator, cycler, cloudpickle, click, blinker, audioread, astunparse, absl-py, wtforms, werkzeug, tifffile, soxr, shapely, scipy, pyogrio, pooch, patsy, pandas, optree, opencv-python-headless, numba, ml_dtypes, markdown-it-py, lazy-loader, joblib, jinja2, imageio, html5lib, holidays, h5py, grpcio, geopy, contourpy, cffi, beautifulsoup4, asgiref, wikipedia, soundfile, scikit-learn, scikit-image, rich, nltk, mechanize, matplotlib, geopandas, formulaic, flask, django, branca, wordcloud, statsmodels, seaborn, librosa, keras, folium, flask-wtf, flask-restful, flask-mail, flask-login, tensorflow-cpu
  Attempting uninstall: pyparsing
    Found existing installation: pyparsing 2.4.7
    Not uninstalling pyparsing at /usr/lib/python3/dist-packages, outside environment /root/bcb-venv
    Can't uninstall 'pyparsing'. No files were found to uninstall.
  Attempting uninstall: markupsafe
    Found existing installation: MarkupSafe 2.0.1
    Not uninstalling markupsafe at /usr/lib/python3/dist-packages, outside environment /root/bcb-venv
    Can't uninstall 'MarkupSafe'. No files were found to uninstall.
  Attempting uninstall: click
    Found existing installation: click 8.0.3
    Not uninstalling click at /usr/lib/python3/dist-packages, outside environment /root/bcb-venv
    Can't uninstall 'click'. No files were found to uninstall.
  Attempting uninstall: blinker
    Found existing installation: blinker 1.4
    Not uninstalling blinker at /usr/lib/python3/dist-packages, outside environment /root/bcb-venv
    Can't uninstall 'blinker'. No files were found to uninstall.
  Attempting uninstall: jinja2
    Found existing installation: Jinja2 3.0.3
    Not uninstalling jinja2 at /usr/lib/python3/dist-packages, outside environment /root/bcb-venv
    Can't uninstall 'Jinja2'. No files were found to uninstall.

Successfully installed absl-py-2.5.0 aniso8601-10.0.1 asgiref-3.12.1 astunparse-1.6.3 audioread-3.1.0 beautifulsoup4-4.15.0 blinker-1.9.0 branca-0.8.2 cffi-2.1.1 click-8.5.0 cloudpickle-3.1.2 contourpy-1.3.2 cycler-0.12.1 decorator-5.3.1 defusedxml-0.7.1 django-5.2.17 flask-3.1.3 flask-login-0.6.3 flask-mail-0.10.0 flask-restful-0.3.10 flask-wtf-1.3.0 flatbuffers-25.12.19 folium-0.20.0 fonttools-4.64.0 formulaic-1.2.2 gast-0.7.0 geographiclib-2.1 geopandas-1.1.4 geopy-2.5.0 google_pasta-0.2.0 grpcio-1.83.1 h5py-3.14.0 holidays-0.104 html5lib-1.1 imageio-2.37.4 interface-meta-2.0.1 itsdangerous-2.2.0 jinja2-3.1.6 joblib-1.6.0 keras-3.12.4 kiwisolver-1.5.1 lazy-loader-0.5 libclang-18.1.1 librosa-0.11.0 llvmlite-0.49.0 markdown-it-py-4.2.0 markupsafe-3.0.3 matplotlib-3.10.9 mdurl-0.1.2 mechanize-0.4.10 ml_dtypes-0.5.4 mpmath-1.3.0 msgpack-1.2.2 namex-0.1.0 narwhals-2.26.0 networkx-3.4.2 nltk-3.10.3 numba-0.67.0 numpy-1.26.4 opencv-python-headless-4.11.0.86 opt_einsum-3.4.0 optree-0.20.0 packaging-26.3 pandas-2.3.3 patsy-1.0.3 pillow-12.3.0 platformdirs-4.11.8 pooch-1.9.0 protobuf-7.36.1 psutil-7.2.2 pycparser-3.0 pygments-2.21.0 pyogrio-0.13.0 pyparsing-3.3.2 pyproj-3.7.1 python-dateutil-2.9.0.post0 regex-2026.9.10 rich-15.0.0 scikit-image-0.25.2 scikit-learn-1.7.2 scipy-1.15.3 seaborn-0.13.2 shapely-2.1.2 soundfile-0.14.0 soupsieve-2.9.2 soxr-1.1.0 sqlparse-0.6.0 statsmodels-0.15.0 sympy-1.14.0 tensorflow-cpu-2.21.0 termcolor-3.3.0 threadpoolctl-3.6.0 tifffile-2025.5.10 tqdm-4.70.0 typing-extensions-4.16.0 tzdata-2026.3 webencodings-0.6.1 werkzeug-3.1.8 wikipedia-1.4.0 wordcloud-1.9.6 wrapt-2.4.0 wtforms-3.2.2 xyzservices-2026.9.1
+ /root/bcb-venv/bin/python -
WARNING: All log messages before absl::InitializeLog() is called are written to STDERR
I0000 00:00:1789058911.026549 1525346 cpu_feature_guard.cc:227] This TensorFlow binary is optimized to use available CPU instructions in performance-critical operations.
To enable the following instructions: AVX2 FMA, in other operations, rebuild TensorFlow with the appropriate compiler flags.
IMPORT_FAILURES: [('torch', 'ModuleNotFoundError("No module named \'torch\'")'), ('transformers', 'ModuleNotFoundError("No module named \'transformers\'")'), ('bitsandbytes', 'ModuleNotFoundError("No module named \'bitsandbytes\'")'), ('datasets', 'ModuleNotFoundError("No module named \'datasets\'")')]
Traceback (most recent call last):
  File "<stdin>", line 14, in <module>
ModuleNotFoundError: No module named 'torch'
+ echo BCB_VENV_SETUP_DONE
BCB_VENV_SETUP_DONE
=== POST-FIX RECHECK 2026-09-14T10:24:16Z (.pth -> lcb-venv site-packages) ===
WARNING: All log messages before absl::InitializeLog() is called are written to STDERR
I0000 00:00:1789381464.457606 1661577 cpu_feature_guard.cc:227] This TensorFlow binary is optimized to use available CPU instructions in performance-critical operations.
To enable the following instructions: AVX2 FMA, in other operations, rebuild TensorFlow with the appropriate compiler flags.
IMPORT_FAILURES: NONE
torch 2.6.0+cu124 cuda: True | tf 2.21.0 | np 1.26.4 | tfm 5.5.4
