start = 14:17:29.314524
loaded input_output = 14:17:29.314900
loading test code = 14:17:29.314911
start = 14:17:29.314149
loaded input_output = 14:17:29.314416
loading test code = 14:17:29.314424
start = 14:17:29.313013
loaded input_output = 14:17:29.313335
loading test code = 14:17:29.313347
start = 14:17:29.325932
loaded input_output = 14:17:29.326197
loading test code = 14:17:29.326205
start = 14:17:29.344394
loaded input_output = 14:17:29.344739
loading test code = 14:17:29.344751
start = 14:17:29.337749
loaded input_output = 14:17:29.338036
loading test code = 14:17:29.338045
start = 14:17:29.333632
loaded input_output = 14:17:29.333932
loading test code = 14:17:29.333942
start = 14:17:29.347813
loaded input_output = 14:17:29.348118
loading test code = 14:17:29.348126
start = 14:17:29.368463
loaded input_output = 14:17:29.368931
loading test code = 14:17:29.368944
start = 14:17:29.323823
loaded input_output = 14:17:29.334493
loading test code = 14:17:29.334514
start = 14:17:29.340907
loaded input_output = 14:17:29.341758
loading test code = 14:17:29.341769
start = 14:17:29.326563
loaded input_output = 14:17:29.359811
loading test code = 14:17:29.359846
start = 14:17:29.559729
loaded input_output = 14:17:29.561106
loading test code = 14:17:29.561118
start = 14:17:29.591338
loaded input_output = 14:17:29.591666
loading test code = 14:17:29.591676
start = 14:17:29.657771
loaded input_output = 14:17:29.658073
loading test code = 14:17:29.658085
start = 14:17:29.653538
loaded input_output = 14:17:29.653827
loading test code = 14:17:29.653836
start = 14:17:29.713932
loaded input_output = 14:17:29.714307
loading test code = 14:17:29.714316
start = 14:17:29.334274
loaded input_output = 14:17:29.372667
loading test code = 14:17:29.372700
start = 14:17:29.814665
loaded input_output = 14:17:29.815013
loading test code = 14:17:29.815025
start = 14:17:29.831720
loaded input_output = 14:17:29.832038
loading test code = 14:17:29.832049
start = 14:17:29.603154
loaded input_output = 14:17:29.631893
loading test code = 14:17:29.631938
start = 14:17:29.353344
loaded input_output = 14:17:29.376496
loading test code = 14:17:29.376531
start = 14:17:29.315503
loaded input_output = 14:17:29.341194
loading test code = 14:17:29.341222
start = 14:17:29.653538
loaded input_output = 14:17:29.717036
loading test code = 14:17:29.717074
start = 14:17:30.095851
loaded input_output = 14:17:30.096123
loading test code = 14:17:30.096131
start = 14:17:30.187111
loaded input_output = 14:17:30.187445
loading test code = 14:17:30.187457
start = 14:17:29.912870
loaded input_output = 14:17:29.926640
loading test code = 14:17:29.926671
start = 14:17:30.086734
loaded input_output = 14:17:30.093581
loading test code = 14:17:30.093610
start = 14:17:30.365607
loaded input_output = 14:17:30.365941
loading test code = 14:17:30.365953
start = 14:17:30.168000
loaded input_output = 14:17:30.192590
loading test code = 14:17:30.192629
start = 14:17:30.372308
loaded input_output = 14:17:30.373105
loading test code = 14:17:30.373118
start = 14:17:30.469999
loaded input_output = 14:17:30.470317
loading test code = 14:17:30.470328
start = 14:17:30.472884
loaded input_output = 14:17:30.473442
loading test code = 14:17:30.473455
start = 14:17:29.997145
loaded input_output = 14:17:30.075249
loading test code = 14:17:30.075290
start = 14:17:30.631936
loaded input_output = 14:17:30.632290
loading test code = 14:17:30.632301
start = 14:17:30.633566
loaded input_output = 14:17:30.647290
loading test code = 14:17:30.647335
start = 14:17:29.692336
loaded input_output = 14:17:29.763922
loading test code = 14:17:29.763955
start = 14:17:30.724322
loaded input_output = 14:17:30.727342
loading test code = 14:17:30.727381
start = 14:17:30.802184
loaded input_output = 14:17:30.802609
loading test code = 14:17:30.802618
start = 14:17:30.635470
loaded input_output = 14:17:30.660280
loading test code = 14:17:30.660323
start = 14:17:30.877885
loaded input_output = 14:17:30.878786
loading test code = 14:17:30.878801
start = 14:17:30.929226
loaded input_output = 14:17:30.931425
loading test code = 14:17:30.931443
start = 14:17:30.961960
loaded input_output = 14:17:30.962260
loading test code = 14:17:30.962269
start = 14:17:31.080435
loaded input_output = 14:17:31.080740
loading test code = 14:17:31.080750
start = 14:17:31.134721
loaded input_output = 14:17:31.135347
loading test code = 14:17:31.135359
start = 14:17:31.115244
loaded input_output = 14:17:31.115583
loading test code = 14:17:31.115594
start = 14:17:31.178002
loaded input_output = 14:17:31.178304
loading test code = 14:17:31.178314
start = 14:17:31.366646
loaded input_output = 14:17:31.368507
loading test code = 14:17:31.368523
start = 14:17:31.234048
loaded input_output = 14:17:31.261695
loading test code = 14:17:31.261744
start = 14:17:31.491285
loaded input_output = 14:17:31.492559
loading test code = 14:17:31.492570
start = 14:17:31.666465
loaded input_output = 14:17:31.667374
loading test code = 14:17:31.667390
start = 14:17:31.706928
loaded input_output = 14:17:31.707281
loading test code = 14:17:31.707292
start = 14:17:31.388312
loaded input_output = 14:17:31.456382
loading test code = 14:17:31.456426
start = 14:17:30.472972
loaded input_output = 14:17:30.522719
loading test code = 14:17:30.527189
start = 14:17:31.945619
loaded input_output = 14:17:31.945922
loading test code = 14:17:31.945932
start = 14:17:32.087815
loaded input_output = 14:17:32.088148
loading test code = 14:17:32.088162
start = 14:17:29.902404
loaded input_output = 14:17:29.990344
loading test code = 14:17:29.990379
start = 14:17:29.598176
loaded input_output = 14:17:29.666812
loading test code = 14:17:29.666858
start = 14:17:32.251073
loaded input_output = 14:17:32.251356
loading test code = 14:17:32.251370
start = 14:17:31.975014
loaded input_output = 14:17:31.995993
loading test code = 14:17:31.996043
start = 14:17:31.274968
loaded input_output = 14:17:31.332701
loading test code = 14:17:31.332739
start = 14:17:32.512638
loaded input_output = 14:17:32.513038
loading test code = 14:17:32.513046
start = 14:17:32.499199
loaded input_output = 14:17:32.499530
loading test code = 14:17:32.499539
start = 14:17:30.045876
loaded input_output = 14:17:30.117096
loading test code = 14:17:30.117131
start = 14:17:32.355422
loaded input_output = 14:17:32.415411
loading test code = 14:17:32.415456
start = 14:17:32.756321
loaded input_output = 14:17:32.756604
loading test code = 14:17:32.756616
start = 14:17:32.771704
loaded input_output = 14:17:32.778765
loading test code = 14:17:32.778807
start = 14:17:32.729738
loaded input_output = 14:17:32.738075
loading test code = 14:17:32.738104
start = 14:17:32.668096
loaded input_output = 14:17:32.714488
loading test code = 14:17:32.714527
start = 14:17:29.559739
loaded input_output = 14:17:29.657065
loading test code = 14:17:29.657098
start = 14:17:33.406466
loaded input_output = 14:17:33.407382
loading test code = 14:17:33.407393
start = 14:17:32.849031
loaded input_output = 14:17:32.931379
loading test code = 14:17:32.931422
start = 14:17:33.505952
loaded input_output = 14:17:33.506259
loading test code = 14:17:33.506276
start = 14:17:33.658575
loaded input_output = 14:17:33.659970
loading test code = 14:17:33.659985
start = 14:17:33.753922
loaded input_output = 14:17:33.754416
loading test code = 14:17:33.754427
start = 14:17:33.186453
loaded input_output = 14:17:33.227745
loading test code = 14:17:33.227785
start = 14:17:31.385275
loaded input_output = 14:17:31.460984
loading test code = 14:17:31.461025
start = 14:17:32.158704
loaded input_output = 14:17:32.208747
loading test code = 14:17:32.208783
start = 14:17:33.938112
loaded input_output = 14:17:33.938656
loading test code = 14:17:33.938665
start = 14:17:33.947655
loaded input_output = 14:17:33.947985
loading test code = 14:17:33.947994
start = 14:17:34.063598
loaded input_output = 14:17:34.063903
loading test code = 14:17:34.063914
start = 14:17:34.212518
loaded input_output = 14:17:34.212822
loading test code = 14:17:34.212832
start = 14:17:34.126426
loaded input_output = 14:17:34.130113
loading test code = 14:17:34.130133
start = 14:17:34.346712
loaded input_output = 14:17:34.347042
loading test code = 14:17:34.347051
start = 14:17:34.068014
loaded input_output = 14:17:34.107815
loading test code = 14:17:34.107854
start = 14:17:34.482194
loaded input_output = 14:17:34.482458
loading test code = 14:17:34.482467
start = 14:17:34.219596
loaded input_output = 14:17:34.292025
loading test code = 14:17:34.292059
start = 14:17:34.555678
loaded input_output = 14:17:34.555963
loading test code = 14:17:34.555974
start = 14:17:33.069999
loaded input_output = 14:17:33.115487
loading test code = 14:17:33.115525
start = 14:17:34.719686
loaded input_output = 14:17:34.720551
loading test code = 14:17:34.720562
start = 14:17:34.724604
loaded input_output = 14:17:34.724906
loading test code = 14:17:34.724917
start = 14:17:34.806468
loaded input_output = 14:17:34.807047
loading test code = 14:17:34.807057
start = 14:17:34.959604
loaded input_output = 14:17:34.959917
loading test code = 14:17:34.959927
start = 14:17:34.960632
loaded input_output = 14:17:34.960894
loading test code = 14:17:34.960904
start = 14:17:34.969940
loaded input_output = 14:17:34.977537
loading test code = 14:17:34.977573
start = 14:17:34.683382
loaded input_output = 14:17:34.741616
loading test code = 14:17:34.741649
start = 14:17:35.214129
loaded input_output = 14:17:35.214420
loading test code = 14:17:35.214428
start = 14:17:35.231545
loaded input_output = 14:17:35.231926
loading test code = 14:17:35.231942
start = 14:17:35.242413
loaded input_output = 14:17:35.242764
loading test code = 14:17:35.242777
start = 14:17:29.345956
loaded input_output = 14:17:29.349317
loading test code = 14:17:29.349336
timeout occured: alarm went off
start = 14:17:35.491624
loaded input_output = 14:17:35.491930
loading test code = 14:17:35.491940
start = 14:17:35.501630
loaded input_output = 14:17:35.502185
loading test code = 14:17:35.502194
start = 14:17:35.495395
loaded input_output = 14:17:35.561950
loading test code = 14:17:35.561980
start = 14:17:35.343813
loaded input_output = 14:17:35.344108
loading test code = 14:17:35.344117
start = 14:17:35.667385
loaded input_output = 14:17:35.670013
loading test code = 14:17:35.670028
start = 14:17:35.052314
loaded input_output = 14:17:35.054563
loading test code = 14:17:35.054577
start = 14:17:35.769630
loaded input_output = 14:17:35.770762
loading test code = 14:17:35.770776
start = 14:17:35.782127
loaded input_output = 14:17:35.782424
loading test code = 14:17:35.782433
start = 14:17:35.959442
loaded input_output = 14:17:36.025566
loading test code = 14:17:36.025602
start = 14:17:36.031508
loaded input_output = 14:17:36.032645
loading test code = 14:17:36.032656
start = 14:17:35.827906
loaded input_output = 14:17:35.828198
loading test code = 14:17:35.828208
start = 14:17:35.916622
loaded input_output = 14:17:35.916952
loading test code = 14:17:35.916963
start = 14:17:36.283765
loaded input_output = 14:17:36.284065
loading test code = 14:17:36.284077
start = 14:17:36.450016
loaded input_output = 14:17:36.450343
loading test code = 14:17:36.450360
start = 14:17:36.307651
loaded input_output = 14:17:36.307938
loading test code = 14:17:36.307948
start = 14:17:36.592638
loaded input_output = 14:17:36.593011
loading test code = 14:17:36.593022
start = 14:17:36.414165
loaded input_output = 14:17:36.414478
loading test code = 14:17:36.414489
start = 14:17:30.729757
loaded input_output = 14:17:30.734929
loading test code = 14:17:30.734960
timeout occured: alarm went off
start = 14:17:36.731197
loaded input_output = 14:17:36.787446
loading test code = 14:17:36.787476
start = 14:17:36.842612
loaded input_output = 14:17:36.845847
loading test code = 14:17:36.845861
start = 14:17:36.857433
loaded input_output = 14:17:36.857757
loading test code = 14:17:36.857769
start = 14:17:37.083670
loaded input_output = 14:17:37.084029
loading test code = 14:17:37.084039
start = 14:17:37.163143
loaded input_output = 14:17:37.163483
loading test code = 14:17:37.163493
start = 14:17:36.940260
loaded input_output = 14:17:36.940541
loading test code = 14:17:36.940553
start = 14:17:36.996352
loaded input_output = 14:17:36.996635
loading test code = 14:17:36.996644
start = 14:17:37.085896
loaded input_output = 14:17:37.086241
loading test code = 14:17:37.086251
start = 14:17:37.343870
loaded input_output = 14:17:37.344179
loading test code = 14:17:37.344189
start = 14:17:37.421236
loaded input_output = 14:17:37.421501
loading test code = 14:17:37.421511
start = 14:17:37.583972
loaded input_output = 14:17:37.584275
loading test code = 14:17:37.584286
start = 14:17:37.596616
loaded input_output = 14:17:37.597661
loading test code = 14:17:37.597672
start = 14:17:37.522594
loaded input_output = 14:17:37.604107
loading test code = 14:17:37.604134
start = 14:17:34.589048
loaded input_output = 14:17:34.646837
loading test code = 14:17:34.646877
start = 14:17:37.838658
loaded input_output = 14:17:37.838983
loading test code = 14:17:37.838994
start = 14:17:37.863753
loaded input_output = 14:17:37.864064
loading test code = 14:17:37.864073
start = 14:17:37.869313
loaded input_output = 14:17:37.869624
loading test code = 14:17:37.869633
start = 14:17:37.944125
loaded input_output = 14:17:37.944643
loading test code = 14:17:37.944653
start = 14:17:37.719357
loaded input_output = 14:17:37.719763
loading test code = 14:17:37.719772
start = 14:17:31.779653
loaded input_output = 14:17:31.832892
loading test code = 14:17:31.832927
timeout occured: alarm went off
start = 14:17:38.215723
loaded input_output = 14:17:38.220318
loading test code = 14:17:38.220341
start = 14:17:38.124485
loaded input_output = 14:17:38.124870
loading test code = 14:17:38.124880
start = 14:17:38.133542
loaded input_output = 14:17:38.133827
loading test code = 14:17:38.133836
start = 14:17:38.151803
loaded input_output = 14:17:38.152154
loading test code = 14:17:38.152165
start = 14:17:38.270943
loaded input_output = 14:17:38.422522
loading test code = 14:17:38.422553
start = 14:17:38.493162
loaded input_output = 14:17:38.493645
loading test code = 14:17:38.493656
start = 14:17:38.669145
loaded input_output = 14:17:38.669992
loading test code = 14:17:38.670004
start = 14:17:38.649911
loaded input_output = 14:17:38.650173
loading test code = 14:17:38.650181
start = 14:17:38.696777
loaded input_output = 14:17:38.697606
loading test code = 14:17:38.697616
start = 14:17:38.726188
loaded input_output = 14:17:38.762637
loading test code = 14:17:38.762678
start = 14:17:38.789799
loaded input_output = 14:17:38.790301
loading test code = 14:17:38.790314
start = 14:17:38.920622
loaded input_output = 14:17:38.921969
loading test code = 14:17:38.921981
start = 14:17:38.979842
loaded input_output = 14:17:38.980145
loading test code = 14:17:38.980155
start = 14:17:33.029364
loaded input_output = 14:17:33.046445
loading test code = 14:17:33.046488
timeout occured: alarm went off
start = 14:17:38.915216
loaded input_output = 14:17:38.915499
loading test code = 14:17:38.915509
start = 14:17:39.202744
loaded input_output = 14:17:39.203080
loading test code = 14:17:39.203091
start = 14:17:39.024777
loaded input_output = 14:17:39.025135
loading test code = 14:17:39.025146
start = 14:17:39.061975
loaded input_output = 14:17:39.469908
loading test code = 14:17:39.469938
start = 14:17:39.461492
loaded input_output = 14:17:39.461786
loading test code = 14:17:39.461795
start = 14:17:39.485761
loaded input_output = 14:17:39.486031
loading test code = 14:17:39.486041
start = 14:17:39.544074
loaded input_output = 14:17:39.544597
loading test code = 14:17:39.544607
start = 14:17:29.989479
loaded input_output = 14:17:29.993885
loading test code = 14:17:29.993911
start = 14:17:33.010700
loaded input_output = 14:17:33.079928
loading test code = 14:17:33.079968
timeout occured: alarm went off
start = 14:17:39.409738
loaded input_output = 14:17:39.410051
loading test code = 14:17:39.410060
start = 14:17:33.799640
loaded input_output = 14:17:33.799922
loading test code = 14:17:33.799931
timeout occured: alarm went off
start = 14:17:39.827006
loaded input_output = 14:17:39.827435
loading test code = 14:17:39.827446
start = 14:17:32.388888
loaded input_output = 14:17:32.424997
loading test code = 14:17:32.425035
timeout occured: alarm went off
start = 14:17:39.825272
loaded input_output = 14:17:39.938935
loading test code = 14:17:39.938986
start = 14:17:39.957078
loaded input_output = 14:17:39.957696
loading test code = 14:17:39.957706
start = 14:17:39.998393
loaded input_output = 14:17:40.000232
loading test code = 14:17:40.000254
start = 14:17:39.759995
loaded input_output = 14:17:39.760265
loading test code = 14:17:39.760275
start = 14:17:40.080484
loaded input_output = 14:17:40.080772
loading test code = 14:17:40.080782
start = 14:17:39.778598
loaded input_output = 14:17:39.779157
loading test code = 14:17:39.779168
start = 14:17:40.169991
loaded input_output = 14:17:40.170266
loading test code = 14:17:40.170276
start = 14:17:40.215977
loaded input_output = 14:17:40.217304
loading test code = 14:17:40.217328
start = 14:17:40.262120
loaded input_output = 14:17:40.262536
loading test code = 14:17:40.262547
start = 14:17:40.320672
loaded input_output = 14:17:40.321108
loading test code = 14:17:40.321118
start = 14:17:40.102423
loaded input_output = 14:17:40.102706
loading test code = 14:17:40.102719
start = 14:17:40.466210
loaded input_output = 14:17:40.466542
loading test code = 14:17:40.466554
start = 14:17:40.570946
loaded input_output = 14:17:40.572050
loading test code = 14:17:40.572063
start = 14:17:40.591643
loaded input_output = 14:17:40.591927
loading test code = 14:17:40.591935
start = 14:17:40.319520
loaded input_output = 14:17:40.319881
loading test code = 14:17:40.319896
start = 14:17:40.333833
loaded input_output = 14:17:40.334196
loading test code = 14:17:40.334206
start = 14:17:30.346561
loaded input_output = 14:17:30.346915
loading test code = 14:17:30.346927
timeout occured: alarm went off
start = 14:17:40.850170
loaded input_output = 14:17:40.851980
loading test code = 14:17:40.851998
start = 14:17:40.876508
loaded input_output = 14:17:40.876827
loading test code = 14:17:40.876836
start = 14:17:40.880780
loaded input_output = 14:17:40.882016
loading test code = 14:17:40.882030
start = 14:17:40.663872
loaded input_output = 14:17:40.664145
loading test code = 14:17:40.664155
start = 14:17:40.732708
loaded input_output = 14:17:40.733214
loading test code = 14:17:40.733225
start = 14:17:41.138912
loaded input_output = 14:17:41.139485
loading test code = 14:17:41.139505
start = 14:17:41.175036
loaded input_output = 14:17:41.181658
loading test code = 14:17:41.181682
start = 14:17:41.179854
loaded input_output = 14:17:41.203907
loading test code = 14:17:41.203940
start = 14:17:40.938636
loaded input_output = 14:17:40.938920
loading test code = 14:17:40.938929
start = 14:17:41.174811
loaded input_output = 14:17:41.175395
loading test code = 14:17:41.175405
start = 14:17:41.456766
loaded input_output = 14:17:41.457107
loading test code = 14:17:41.457117
start = 14:17:41.427905
loaded input_output = 14:17:41.428217
loading test code = 14:17:41.428226
start = 14:17:41.242528
loaded input_output = 14:17:41.298283
loading test code = 14:17:41.298318
start = 14:17:41.441683
loaded input_output = 14:17:41.441969
loading test code = 14:17:41.441978
start = 14:17:41.719917
loaded input_output = 14:17:41.720241
loading test code = 14:17:41.720252
start = 14:17:41.753667
loaded input_output = 14:17:41.754172
loading test code = 14:17:41.754185
start = 14:17:41.801470
loaded input_output = 14:17:41.801965
loading test code = 14:17:41.801976
start = 14:17:36.010716
loaded input_output = 14:17:36.018915
loading test code = 14:17:36.018943
start = 14:17:39.220728
loaded input_output = 14:17:39.297528
loading test code = 14:17:39.297575
start = 14:17:42.236481
loaded input_output = 14:17:42.237785
loading test code = 14:17:42.237799
start = 14:17:42.229769
loaded input_output = 14:17:42.230222
loading test code = 14:17:42.230232
start = 14:17:41.994187
loaded input_output = 14:17:41.994515
loading test code = 14:17:41.994524
start = 14:17:42.304964
loaded input_output = 14:17:42.305649
loading test code = 14:17:42.305660
start = 14:17:42.533099
loaded input_output = 14:17:42.538463
loading test code = 14:17:42.538482
start = 14:17:42.523389
loaded input_output = 14:17:42.524558
loading test code = 14:17:42.524568
start = 14:17:42.584991
loaded input_output = 14:17:42.585283
loading test code = 14:17:42.585300
start = 14:17:42.454364
loaded input_output = 14:17:42.454665
loading test code = 14:17:42.454677
start = 14:17:42.494139
loaded input_output = 14:17:42.494656
loading test code = 14:17:42.494668
start = 14:17:42.791551
loaded input_output = 14:17:42.791988
loading test code = 14:17:42.792001
start = 14:17:42.795828
loaded input_output = 14:17:42.797088
loading test code = 14:17:42.797098
start = 14:17:42.898859
loaded input_output = 14:17:42.899289
loading test code = 14:17:42.899300
start = 14:17:43.039323
loaded input_output = 14:17:43.039721
loading test code = 14:17:43.039731
start = 14:17:42.525117
loaded input_output = 14:17:42.527333
loading test code = 14:17:42.527346
start = 14:17:43.012927
loaded input_output = 14:17:43.090890
loading test code = 14:17:43.090937
start = 14:17:43.185225
loaded input_output = 14:17:43.185502
loading test code = 14:17:43.185512
start = 14:17:40.229802
loaded input_output = 14:17:40.232877
loading test code = 14:17:40.232911
start = 14:17:43.284929
loaded input_output = 14:17:43.285580
loading test code = 14:17:43.285598
start = 14:17:43.024882
loaded input_output = 14:17:43.025158
loading test code = 14:17:43.025167
start = 14:17:43.362268
loaded input_output = 14:17:43.373867
loading test code = 14:17:43.373897
start = 14:17:43.376729
loaded input_output = 14:17:43.377000
loading test code = 14:17:43.377008
start = 14:17:43.465657
loaded input_output = 14:17:43.466095
loading test code = 14:17:43.466109
start = 14:17:43.524266
loaded input_output = 14:17:43.524685
loading test code = 14:17:43.524695
start = 14:17:43.562624
loaded input_output = 14:17:43.562907
loading test code = 14:17:43.562918
start = 14:17:43.560012
loaded input_output = 14:17:43.560312
loading test code = 14:17:43.560324
start = 14:17:43.622562
loaded input_output = 14:17:43.622906
loading test code = 14:17:43.622914
start = 14:17:43.635437
loaded input_output = 14:17:43.638657
loading test code = 14:17:43.638674
start = 14:17:43.725169
loaded input_output = 14:17:43.725605
loading test code = 14:17:43.725617
start = 14:17:43.826935
loaded input_output = 14:17:43.830075
loading test code = 14:17:43.830092
start = 14:17:43.913434
loaded input_output = 14:17:43.929594
loading test code = 14:17:43.929621
start = 14:17:43.965950
loaded input_output = 14:17:43.966912
loading test code = 14:17:43.966923
start = 14:17:43.894714
loaded input_output = 14:17:44.016222
loading test code = 14:17:44.016259
start = 14:17:44.088223
loaded input_output = 14:17:44.088614
loading test code = 14:17:44.088624
start = 14:17:43.819612
loaded input_output = 14:17:43.820005
loading test code = 14:17:43.820014
start = 14:17:43.853347
loaded input_output = 14:17:43.853646
loading test code = 14:17:43.853655
start = 14:17:44.198243
loaded input_output = 14:17:44.198531
loading test code = 14:17:44.198541
start = 14:17:38.486708
loaded input_output = 14:17:38.487487
loading test code = 14:17:38.487498
start = 14:17:44.216193
loaded input_output = 14:17:44.216479
loading test code = 14:17:44.216490
start = 14:17:44.321649
loaded input_output = 14:17:44.321915
loading test code = 14:17:44.321926
start = 14:17:44.329335
loaded input_output = 14:17:44.330095
loading test code = 14:17:44.330105
start = 14:17:44.444702
loaded input_output = 14:17:44.476047
loading test code = 14:17:44.476075
start = 14:17:44.384988
loaded input_output = 14:17:44.385244
loading test code = 14:17:44.385254
start = 14:17:44.552953
loaded input_output = 14:17:44.553281
loading test code = 14:17:44.553293
start = 14:17:44.597969
loaded input_output = 14:17:44.598267
loading test code = 14:17:44.598278
start = 14:17:44.635076
loaded input_output = 14:17:44.636147
loading test code = 14:17:44.636159
start = 14:17:44.737280
loaded input_output = 14:17:44.751531
loading test code = 14:17:44.751568
start = 14:17:44.600059
loaded input_output = 14:17:44.783242
loading test code = 14:17:44.783283
start = 14:17:44.735020
loaded input_output = 14:17:44.799609
loading test code = 14:17:44.799643
start = 14:17:44.858847
loaded input_output = 14:17:44.860848
loading test code = 14:17:44.860863
start = 14:17:44.813959
loaded input_output = 14:17:44.911984
loading test code = 14:17:44.912018
start = 14:17:44.926330
loaded input_output = 14:17:44.927116
loading test code = 14:17:44.927127
start = 14:17:45.102733
loaded input_output = 14:17:45.103070
loading test code = 14:17:45.103088
start = 14:17:45.167044
loaded input_output = 14:17:45.167339
loading test code = 14:17:45.167348
start = 14:17:45.217024
loaded input_output = 14:17:45.217357
loading test code = 14:17:45.217367
start = 14:17:45.199151
loaded input_output = 14:17:45.264248
loading test code = 14:17:45.264280
start = 14:17:45.011582
loaded input_output = 14:17:45.279730
loading test code = 14:17:45.279765
start = 14:17:45.446558
loaded input_output = 14:17:45.447079
loading test code = 14:17:45.447090
start = 14:17:45.498886
loaded input_output = 14:17:45.499179
loading test code = 14:17:45.499192
start = 14:17:45.544329
loaded input_output = 14:17:45.545101
loading test code = 14:17:45.545113
start = 14:17:45.591716
loaded input_output = 14:17:45.592025
loading test code = 14:17:45.592036
start = 14:17:45.735723
loaded input_output = 14:17:45.745186
loading test code = 14:17:45.745219
start = 14:17:45.757879
loaded input_output = 14:17:45.758198
loading test code = 14:17:45.758207
start = 14:17:45.800669
loaded input_output = 14:17:45.800970
loading test code = 14:17:45.800979
start = 14:17:39.758509
loaded input_output = 14:17:39.766653
loading test code = 14:17:39.766677
start = 14:17:45.863405
loaded input_output = 14:17:45.909481
loading test code = 14:17:45.909514
start = 14:17:46.019002
loaded input_output = 14:17:46.019395
loading test code = 14:17:46.019406
start = 14:17:46.039172
loaded input_output = 14:17:46.039560
loading test code = 14:17:46.039570
start = 14:17:46.065761
loaded input_output = 14:17:46.068877
loading test code = 14:17:46.068904
start = 14:17:46.094513
loaded input_output = 14:17:46.096326
loading test code = 14:17:46.096340
start = 14:17:46.195917
loaded input_output = 14:17:46.199542
loading test code = 14:17:46.199560
start = 14:17:46.276851
loaded input_output = 14:17:46.281838
loading test code = 14:17:46.281862
start = 14:17:46.297698
loaded input_output = 14:17:46.300296
loading test code = 14:17:46.300311
start = 14:17:46.346158
loaded input_output = 14:17:46.348362
loading test code = 14:17:46.348377
start = 14:17:46.340897
loaded input_output = 14:17:46.342133
loading test code = 14:17:46.342144
start = 14:17:46.471577
loaded input_output = 14:17:46.471942
loading test code = 14:17:46.471951
start = 14:17:40.488267
loaded input_output = 14:17:40.491553
loading test code = 14:17:40.491573
start = 14:17:35.940541
loaded input_output = 14:17:35.997601
loading test code = 14:17:35.997646
start = 14:17:46.549397
loaded input_output = 14:17:46.555689
loading test code = 14:17:46.555712
start = 14:17:41.490561
loaded input_output = 14:17:41.491312
loading test code = 14:17:41.491323
start = 14:17:41.555700
loaded input_output = 14:17:41.596450
loading test code = 14:17:41.596486
start = 14:17:37.545609
loaded input_output = 14:17:37.705357
loading test code = 14:17:37.705395
start = 14:17:40.882080
loaded input_output = 14:17:40.884197
loading test code = 14:17:40.884214
start = 14:17:43.041440
loaded input_output = 14:17:43.368357
loading test code = 14:17:43.368392
start = 14:17:45.067162
loaded input_output = 14:17:45.069090
loading test code = 14:17:45.069103
start = 14:17:45.379908
loaded input_output = 14:17:45.380347
loading test code = 14:17:45.380357
start = 14:17:44.449280
loaded input_output = 14:17:44.449788
loading test code = 14:17:44.449800
[JUDGED] L01: pass@1=17.36% empty=0 wall=306.8s
global timeout
