Fetching 24 files:   0%|          | 0/24 [00:00<?, ?it/s]Fetching 24 files:   4%|▍         | 1/24 [00:00<00:19,  1.19it/s]Fetching 24 files:   8%|▊         | 2/24 [00:01<00:16,  1.37it/s]Fetching 24 files:  12%|█▎        | 3/24 [00:02<00:13,  1.53it/s]Fetching 24 files:  21%|██        | 5/24 [00:02<00:08,  2.29it/s]Fetching 24 files:  25%|██▌       | 6/24 [00:07<00:30,  1.72s/it]Fetching 24 files:  29%|██▉       | 7/24 [12:50<1:03:21, 223.64s/it]Fetching 24 files:  38%|███▊      | 9/24 [12:50<21:24, 85.63s/it]   
Traceback (most recent call last):
  File "/root/lcb-venv/lib/python3.10/site-packages/httpx/_transports/default.py", line 101, in map_httpcore_exceptions
    yield
  File "/root/lcb-venv/lib/python3.10/site-packages/httpx/_transports/default.py", line 127, in __iter__
    for part in self._httpcore_stream:
  File "/root/lcb-venv/lib/python3.10/site-packages/httpcore/_sync/connection_pool.py", line 407, in __iter__
    raise exc from None
  File "/root/lcb-venv/lib/python3.10/site-packages/httpcore/_sync/connection_pool.py", line 403, in __iter__
    for part in self._stream:
  File "/root/lcb-venv/lib/python3.10/site-packages/httpcore/_sync/http11.py", line 342, in __iter__
    raise exc
  File "/root/lcb-venv/lib/python3.10/site-packages/httpcore/_sync/http11.py", line 334, in __iter__
    for chunk in self._connection._receive_response_body(**kwargs):
  File "/root/lcb-venv/lib/python3.10/site-packages/httpcore/_sync/http11.py", line 203, in _receive_response_body
    event = self._receive_event(timeout=timeout)
  File "/root/lcb-venv/lib/python3.10/site-packages/httpcore/_sync/http11.py", line 213, in _receive_event
    with map_exceptions({h11.RemoteProtocolError: RemoteProtocolError}):
  File "/usr/lib/python3.10/contextlib.py", line 153, in __exit__
    self.gen.throw(typ, value, traceback)
  File "/root/lcb-venv/lib/python3.10/site-packages/httpcore/_exceptions.py", line 14, in map_exceptions
    raise to_exc(exc) from exc
httpcore.RemoteProtocolError: peer closed connection without sending complete message body (received 1386017842 bytes, expected 4876059416)

The above exception was the direct cause of the following exception:

Traceback (most recent call last):
  File "/root/efficient-codegen-exp/scripts/dl_32b.py", line 9, in <module>
    p = snapshot_download(
  File "/root/lcb-venv/lib/python3.10/site-packages/huggingface_hub/utils/_validators.py", line 88, in _inner_fn
    return fn(*args, **kwargs)
  File "/root/lcb-venv/lib/python3.10/site-packages/huggingface_hub/_snapshot_download.py", line 455, in snapshot_download
    thread_map(
  File "/root/lcb-venv/lib/python3.10/site-packages/tqdm/contrib/concurrent.py", line 69, in thread_map
    return _executor_map(ThreadPoolExecutor, fn, *iterables, **tqdm_kwargs)
  File "/root/lcb-venv/lib/python3.10/site-packages/tqdm/contrib/concurrent.py", line 51, in _executor_map
    return list(tqdm_class(ex.map(fn, *iterables, chunksize=chunksize), **kwargs))
  File "/root/lcb-venv/lib/python3.10/site-packages/tqdm/std.py", line 1181, in __iter__
    for obj in iterable:
  File "/usr/lib/python3.10/concurrent/futures/_base.py", line 621, in result_iterator
    yield _result_or_cancel(fs.pop())
  File "/usr/lib/python3.10/concurrent/futures/_base.py", line 319, in _result_or_cancel
    return fut.result(timeout)
  File "/usr/lib/python3.10/concurrent/futures/_base.py", line 451, in result
    return self.__get_result()
  File "/usr/lib/python3.10/concurrent/futures/_base.py", line 403, in __get_result
    raise self._exception
  File "/usr/lib/python3.10/concurrent/futures/thread.py", line 58, in run
    result = self.fn(*self.args, **self.kwargs)
  File "/root/lcb-venv/lib/python3.10/site-packages/huggingface_hub/_snapshot_download.py", line 435, in _inner_hf_hub_download
    hf_hub_download(  # type: ignore
  File "/root/lcb-venv/lib/python3.10/site-packages/huggingface_hub/utils/_validators.py", line 88, in _inner_fn
    return fn(*args, **kwargs)
  File "/root/lcb-venv/lib/python3.10/site-packages/huggingface_hub/file_download.py", line 976, in hf_hub_download
    return _hf_hub_download_to_local_dir(
  File "/root/lcb-venv/lib/python3.10/site-packages/huggingface_hub/file_download.py", line 1427, in _hf_hub_download_to_local_dir
    _download_to_tmp_and_move(
  File "/root/lcb-venv/lib/python3.10/site-packages/huggingface_hub/file_download.py", line 1858, in _download_to_tmp_and_move
    http_get(
  File "/root/lcb-venv/lib/python3.10/site-packages/huggingface_hub/utils/_validators.py", line 88, in _inner_fn
    return fn(*args, **kwargs)
  File "/root/lcb-venv/lib/python3.10/site-packages/huggingface_hub/file_download.py", line 421, in http_get
    for chunk in response.iter_bytes(chunk_size=constants.DOWNLOAD_CHUNK_SIZE):
  File "/root/lcb-venv/lib/python3.10/site-packages/httpx/_models.py", line 897, in iter_bytes
    for raw_bytes in self.iter_raw():
  File "/root/lcb-venv/lib/python3.10/site-packages/httpx/_models.py", line 951, in iter_raw
    for raw_stream_bytes in self.stream:
  File "/root/lcb-venv/lib/python3.10/site-packages/httpx/_client.py", line 153, in __iter__
    for chunk in self._stream:
  File "/root/lcb-venv/lib/python3.10/site-packages/httpx/_transports/default.py", line 126, in __iter__
    with map_httpcore_exceptions():
  File "/usr/lib/python3.10/contextlib.py", line 153, in __exit__
    self.gen.throw(typ, value, traceback)
  File "/root/lcb-venv/lib/python3.10/site-packages/httpx/_transports/default.py", line 118, in map_httpcore_exceptions
    raise mapped_exc(message) from exc
httpx.RemoteProtocolError: peer closed connection without sending complete message body (received 1386017842 bytes, expected 4876059416)
