start = 10:13:05.041639
loaded input_output = 10:13:05.041983
loading test code = 10:13:05.041993
start = 10:13:05.047688
loaded input_output = 10:13:05.048265
loading test code = 10:13:05.048282
start = 10:13:05.056830
loaded input_output = 10:13:05.057130
loading test code = 10:13:05.057139
start = 10:13:05.068196
loaded input_output = 10:13:05.068569
loading test code = 10:13:05.068582
start = 10:13:05.081057
loaded input_output = 10:13:05.081385
loading test code = 10:13:05.081396
start = 10:13:05.072638
loaded input_output = 10:13:05.072927
loading test code = 10:13:05.072936
start = 10:13:05.073694
loaded input_output = 10:13:05.073959
loading test code = 10:13:05.073968
start = 10:13:05.050098
loaded input_output = 10:13:05.066372
loading test code = 10:13:05.066408
start = 10:13:05.092821
loaded input_output = 10:13:05.093098
loading test code = 10:13:05.093108
start = 10:13:05.121337
loaded input_output = 10:13:05.121641
loading test code = 10:13:05.121652
start = 10:13:05.046413
loaded input_output = 10:13:05.047357
loading test code = 10:13:05.047378
start = 10:13:05.071916
loaded input_output = 10:13:05.089148
loading test code = 10:13:05.089184
start = 10:13:05.317859
loaded input_output = 10:13:05.318221
loading test code = 10:13:05.318231
start = 10:13:05.362565
loaded input_output = 10:13:05.364051
loading test code = 10:13:05.364070
start = 10:13:05.377741
loaded input_output = 10:13:05.378081
loading test code = 10:13:05.378094
start = 10:13:05.403616
loaded input_output = 10:13:05.403981
loading test code = 10:13:05.403993
start = 10:13:05.379041
loaded input_output = 10:13:05.379389
loading test code = 10:13:05.379400
start = 10:13:05.088495
loaded input_output = 10:13:05.127978
loading test code = 10:13:05.128021
start = 10:13:05.569605
loaded input_output = 10:13:05.569909
loading test code = 10:13:05.569921
start = 10:13:05.331707
loaded input_output = 10:13:05.358555
loading test code = 10:13:05.358593
start = 10:13:05.662115
loaded input_output = 10:13:05.662405
loading test code = 10:13:05.662415
start = 10:13:05.103203
loaded input_output = 10:13:05.134114
loading test code = 10:13:05.134148
start = 10:13:05.074959
loaded input_output = 10:13:05.108111
loading test code = 10:13:05.108145
start = 10:13:05.842355
loaded input_output = 10:13:05.842664
loading test code = 10:13:05.842677
start = 10:13:05.401634
loaded input_output = 10:13:05.456044
loading test code = 10:13:05.456079
start = 10:13:05.635494
loaded input_output = 10:13:05.654370
loading test code = 10:13:05.654405
start = 10:13:05.834901
loaded input_output = 10:13:05.841845
loading test code = 10:13:05.841877
start = 10:13:05.955520
loaded input_output = 10:13:05.955908
loading test code = 10:13:05.955920
start = 10:13:05.914671
loaded input_output = 10:13:05.937757
loading test code = 10:13:05.937796
start = 10:13:06.184215
loaded input_output = 10:13:06.184566
loading test code = 10:13:06.184578
start = 10:13:06.167981
loaded input_output = 10:13:06.168779
loading test code = 10:13:06.168791
start = 10:13:05.691267
loaded input_output = 10:13:05.764895
loading test code = 10:13:05.764939
start = 10:13:06.253319
loaded input_output = 10:13:06.253833
loading test code = 10:13:06.253843
start = 10:13:06.264290
loaded input_output = 10:13:06.264607
loading test code = 10:13:06.264621
start = 10:13:06.402825
loaded input_output = 10:13:06.403244
loading test code = 10:13:06.403256
start = 10:13:05.355098
loaded input_output = 10:13:05.437822
loading test code = 10:13:05.437860
start = 10:13:06.474067
loaded input_output = 10:13:06.483826
loading test code = 10:13:06.483866
start = 10:13:06.527106
loaded input_output = 10:13:06.527577
loading test code = 10:13:06.527588
start = 10:13:06.520477
loaded input_output = 10:13:06.523677
loading test code = 10:13:06.523708
start = 10:13:06.383755
loaded input_output = 10:13:06.409323
loading test code = 10:13:06.409369
start = 10:13:06.691133
loaded input_output = 10:13:06.692103
loading test code = 10:13:06.692115
start = 10:13:06.708410
loaded input_output = 10:13:06.710546
loading test code = 10:13:06.710560
start = 10:13:06.797302
loaded input_output = 10:13:06.797627
loading test code = 10:13:06.797638
start = 10:13:06.815981
loaded input_output = 10:13:06.816297
loading test code = 10:13:06.816307
start = 10:13:06.905370
loaded input_output = 10:13:06.905695
loading test code = 10:13:06.905707
start = 10:13:06.917911
loaded input_output = 10:13:06.918527
loading test code = 10:13:06.918537
start = 10:13:06.998404
loaded input_output = 10:13:06.998701
loading test code = 10:13:06.998711
start = 10:13:07.076987
loaded input_output = 10:13:07.078873
loading test code = 10:13:07.078889
start = 10:13:06.989667
loaded input_output = 10:13:07.010773
loading test code = 10:13:07.010815
start = 10:13:07.293672
loaded input_output = 10:13:07.294888
loading test code = 10:13:07.294902
start = 10:13:07.384665
loaded input_output = 10:13:07.385433
loading test code = 10:13:07.385445
start = 10:13:07.495744
loaded input_output = 10:13:07.496108
loading test code = 10:13:07.496118
start = 10:13:06.231706
loaded input_output = 10:13:06.278221
loading test code = 10:13:06.278266
start = 10:13:07.683162
loaded input_output = 10:13:07.683492
loading test code = 10:13:07.683503
start = 10:13:07.205613
loaded input_output = 10:13:07.267994
loading test code = 10:13:07.268048
start = 10:13:05.626389
loaded input_output = 10:13:05.702643
loading test code = 10:13:05.702682
start = 10:13:07.931489
loaded input_output = 10:13:07.931802
loading test code = 10:13:07.931810
start = 10:13:08.020040
loaded input_output = 10:13:08.020373
loading test code = 10:13:08.020383
start = 10:13:05.367425
loaded input_output = 10:13:05.425859
loading test code = 10:13:05.425909
start = 10:13:07.752009
loaded input_output = 10:13:07.770531
loading test code = 10:13:07.770583
start = 10:13:08.280125
loaded input_output = 10:13:08.280423
loading test code = 10:13:08.280432
start = 10:13:05.823535
loaded input_output = 10:13:05.888385
loading test code = 10:13:05.888419
start = 10:13:08.328154
loaded input_output = 10:13:08.328545
loading test code = 10:13:08.328555
start = 10:13:07.093733
loaded input_output = 10:13:07.150304
loading test code = 10:13:07.150352
start = 10:13:08.155095
loaded input_output = 10:13:08.215816
loading test code = 10:13:08.215854
start = 10:13:08.558525
loaded input_output = 10:13:08.558807
loading test code = 10:13:08.558818
start = 10:13:08.555078
loaded input_output = 10:13:08.564214
loading test code = 10:13:08.564251
start = 10:13:08.556564
loaded input_output = 10:13:08.565211
loading test code = 10:13:08.565240
start = 10:13:05.304247
loaded input_output = 10:13:05.391688
loading test code = 10:13:05.391732
start = 10:13:08.485628
loaded input_output = 10:13:08.541486
loading test code = 10:13:08.541527
start = 10:13:09.177391
loaded input_output = 10:13:09.178208
loading test code = 10:13:09.178218
start = 10:13:08.597770
loaded input_output = 10:13:08.686197
loading test code = 10:13:08.686241
start = 10:13:09.272459
loaded input_output = 10:13:09.272761
loading test code = 10:13:09.272771
start = 10:13:09.438560
loaded input_output = 10:13:09.439912
loading test code = 10:13:09.439926
start = 10:13:07.907928
loaded input_output = 10:13:07.956346
loading test code = 10:13:07.956388
start = 10:13:09.577408
loaded input_output = 10:13:09.577967
loading test code = 10:13:09.577981
start = 10:13:09.003416
loaded input_output = 10:13:09.051594
loading test code = 10:13:09.051637
start = 10:13:07.232433
loaded input_output = 10:13:07.294080
loading test code = 10:13:07.294107
start = 10:13:09.745616
loaded input_output = 10:13:09.746242
loading test code = 10:13:09.746254
start = 10:13:09.827685
loaded input_output = 10:13:09.828012
loading test code = 10:13:09.828026
start = 10:13:09.833708
loaded input_output = 10:13:09.834020
loading test code = 10:13:09.834031
start = 10:13:09.995784
loaded input_output = 10:13:09.996105
loading test code = 10:13:09.996114
start = 10:13:10.086631
loaded input_output = 10:13:10.086966
loading test code = 10:13:10.086976
start = 10:13:09.953939
loaded input_output = 10:13:09.976094
loading test code = 10:13:09.976136
start = 10:13:10.248258
loaded input_output = 10:13:10.248560
loading test code = 10:13:10.248572
start = 10:13:09.888295
loaded input_output = 10:13:09.927879
loading test code = 10:13:09.927909
start = 10:13:10.332585
loaded input_output = 10:13:10.332884
loading test code = 10:13:10.332896
start = 10:13:10.072774
loaded input_output = 10:13:10.140399
loading test code = 10:13:10.140439
start = 10:13:08.823321
loaded input_output = 10:13:08.861650
loading test code = 10:13:08.861690
start = 10:13:10.569116
loaded input_output = 10:13:10.570068
loading test code = 10:13:10.570080
start = 10:13:10.586602
loaded input_output = 10:13:10.586919
loading test code = 10:13:10.586929
start = 10:13:10.600891
loaded input_output = 10:13:10.601462
loading test code = 10:13:10.601473
start = 10:13:10.692027
loaded input_output = 10:13:10.692322
loading test code = 10:13:10.692333
start = 10:13:10.834302
loaded input_output = 10:13:10.834609
loading test code = 10:13:10.834622
start = 10:13:10.834247
loaded input_output = 10:13:10.841641
loading test code = 10:13:10.841668
start = 10:13:10.498950
loaded input_output = 10:13:10.557357
loading test code = 10:13:10.557395
start = 10:13:11.001343
loaded input_output = 10:13:11.001680
loading test code = 10:13:11.001690
start = 10:13:11.078842
loaded input_output = 10:13:11.079235
loading test code = 10:13:11.079251
start = 10:13:05.075925
loaded input_output = 10:13:05.079196
loading test code = 10:13:05.079214
timeout occured: alarm went off
start = 10:13:11.115002
loaded input_output = 10:13:11.115317
loading test code = 10:13:11.115327
start = 10:13:11.286026
loaded input_output = 10:13:11.286649
loading test code = 10:13:11.286658
start = 10:13:11.379594
loaded input_output = 10:13:11.379906
loading test code = 10:13:11.379916
start = 10:13:11.398762
loaded input_output = 10:13:11.401569
loading test code = 10:13:11.401585
start = 10:13:11.355355
loaded input_output = 10:13:11.429535
loading test code = 10:13:11.429571
start = 10:13:10.854651
loaded input_output = 10:13:10.857098
loading test code = 10:13:10.857118
start = 10:13:11.257377
loaded input_output = 10:13:11.257661
loading test code = 10:13:11.257671
start = 10:13:11.558008
loaded input_output = 10:13:11.559130
loading test code = 10:13:11.559146
start = 10:13:11.645746
loaded input_output = 10:13:11.646039
loading test code = 10:13:11.646049
start = 10:13:11.719638
loaded input_output = 10:13:11.778470
loading test code = 10:13:11.778501
start = 10:13:11.673074
loaded input_output = 10:13:11.673338
loading test code = 10:13:11.673346
start = 10:13:11.963359
loaded input_output = 10:13:11.964523
loading test code = 10:13:11.964536
start = 10:13:11.698155
loaded input_output = 10:13:11.698475
loading test code = 10:13:11.698484
start = 10:13:12.056870
loaded input_output = 10:13:12.057185
loading test code = 10:13:12.057195
start = 10:13:12.286109
loaded input_output = 10:13:12.286446
loading test code = 10:13:12.286457
start = 10:13:12.303868
loaded input_output = 10:13:12.304297
loading test code = 10:13:12.304309
start = 10:13:12.177358
loaded input_output = 10:13:12.177648
loading test code = 10:13:12.177660
start = 10:13:12.186775
loaded input_output = 10:13:12.187079
loading test code = 10:13:12.187089
start = 10:13:06.533588
loaded input_output = 10:13:06.538715
loading test code = 10:13:06.538758
timeout occured: alarm went off
start = 10:13:12.563797
loaded input_output = 10:13:12.564162
loading test code = 10:13:12.564173
start = 10:13:12.546719
loaded input_output = 10:13:12.610618
loading test code = 10:13:12.610661
start = 10:13:12.693404
loaded input_output = 10:13:12.697004
loading test code = 10:13:12.697021
start = 10:13:12.932125
loaded input_output = 10:13:12.932500
loading test code = 10:13:12.932512
start = 10:13:12.695753
loaded input_output = 10:13:12.696051
loading test code = 10:13:12.696061
start = 10:13:13.029891
loaded input_output = 10:13:13.030250
loading test code = 10:13:13.030260
start = 10:13:12.771874
loaded input_output = 10:13:12.772193
loading test code = 10:13:12.772203
start = 10:13:12.819546
loaded input_output = 10:13:12.819949
loading test code = 10:13:12.819961
start = 10:13:13.238933
loaded input_output = 10:13:13.239255
loading test code = 10:13:13.239268
start = 10:13:13.246007
loaded input_output = 10:13:13.246287
loading test code = 10:13:13.246296
start = 10:13:13.281297
loaded input_output = 10:13:13.341923
loading test code = 10:13:13.341960
start = 10:13:13.419758
loaded input_output = 10:13:13.420900
loading test code = 10:13:13.420911
start = 10:13:10.402718
loaded input_output = 10:13:10.455302
loading test code = 10:13:10.455340
start = 10:13:13.505071
loaded input_output = 10:13:13.505379
loading test code = 10:13:13.505390
start = 10:13:13.616795
loaded input_output = 10:13:13.617104
loading test code = 10:13:13.617113
start = 10:13:13.729792
loaded input_output = 10:13:13.730098
loading test code = 10:13:13.730110
start = 10:13:13.711830
loaded input_output = 10:13:13.712172
loading test code = 10:13:13.712182
start = 10:13:13.779568
loaded input_output = 10:13:13.780074
loading test code = 10:13:13.780085
start = 10:13:13.497516
loaded input_output = 10:13:13.497924
loading test code = 10:13:13.497934
start = 10:13:07.560607
loaded input_output = 10:13:07.612655
loading test code = 10:13:07.612697
timeout occured: alarm went off
start = 10:13:14.011950
loaded input_output = 10:13:14.016523
loading test code = 10:13:14.016541
start = 10:13:13.927528
loaded input_output = 10:13:13.927852
loading test code = 10:13:13.927863
start = 10:13:14.054625
loaded input_output = 10:13:14.202225
loading test code = 10:13:14.202257
start = 10:13:13.960698
loaded input_output = 10:13:13.961097
loading test code = 10:13:13.961107
start = 10:13:14.015639
loaded input_output = 10:13:14.016018
loading test code = 10:13:14.016028
start = 10:13:14.308221
loaded input_output = 10:13:14.308669
loading test code = 10:13:14.308680
start = 10:13:14.444419
loaded input_output = 10:13:14.444718
loading test code = 10:13:14.444727
start = 10:13:14.458930
loaded input_output = 10:13:14.459811
loading test code = 10:13:14.459822
start = 10:13:14.511137
loaded input_output = 10:13:14.512053
loading test code = 10:13:14.512065
start = 10:13:14.531987
loaded input_output = 10:13:14.571425
loading test code = 10:13:14.571460
start = 10:13:14.634236
loaded input_output = 10:13:14.634730
loading test code = 10:13:14.634752
start = 10:13:14.724029
loaded input_output = 10:13:14.725151
loading test code = 10:13:14.725161
start = 10:13:14.807060
loaded input_output = 10:13:14.807414
loading test code = 10:13:14.807426
start = 10:13:08.847625
loaded input_output = 10:13:08.865072
loading test code = 10:13:08.865098
timeout occured: alarm went off
start = 10:13:14.760286
loaded input_output = 10:13:14.760595
loading test code = 10:13:14.760605
start = 10:13:15.081982
loaded input_output = 10:13:15.082361
loading test code = 10:13:15.082371
start = 10:13:14.808054
loaded input_output = 10:13:14.808370
loading test code = 10:13:14.808379
start = 10:13:05.645266
loaded input_output = 10:13:05.649280
loading test code = 10:13:05.649298
start = 10:13:14.909450
loaded input_output = 10:13:15.304037
loading test code = 10:13:15.304074
start = 10:13:15.323293
loaded input_output = 10:13:15.323621
loading test code = 10:13:15.323636
start = 10:13:15.408589
loaded input_output = 10:13:15.408910
loading test code = 10:13:15.408920
start = 10:13:15.425236
loaded input_output = 10:13:15.425834
loading test code = 10:13:15.425845
start = 10:13:08.802680
loaded input_output = 10:13:08.876526
loading test code = 10:13:08.876573
timeout occured: alarm went off
start = 10:13:09.564577
loaded input_output = 10:13:09.564900
loading test code = 10:13:09.564911
timeout occured: alarm went off
start = 10:13:15.271573
loaded input_output = 10:13:15.271871
loading test code = 10:13:15.271881
start = 10:13:15.679848
loaded input_output = 10:13:15.680371
loading test code = 10:13:15.680384
start = 10:13:08.232678
loaded input_output = 10:13:08.277837
loading test code = 10:13:08.277870
timeout occured: alarm went off
start = 10:13:15.516389
loaded input_output = 10:13:15.516664
loading test code = 10:13:15.516673
start = 10:13:15.799379
loaded input_output = 10:13:15.801133
loading test code = 10:13:15.801148
start = 10:13:15.799485
loaded input_output = 10:13:15.800122
loading test code = 10:13:15.800133
start = 10:13:15.733439
loaded input_output = 10:13:15.861028
loading test code = 10:13:15.861071
start = 10:13:15.574490
loaded input_output = 10:13:15.575114
loading test code = 10:13:15.575127
start = 10:13:15.968207
loaded input_output = 10:13:15.968517
loading test code = 10:13:15.968527
start = 10:13:16.029007
loaded input_output = 10:13:16.029329
loading test code = 10:13:16.029339
start = 10:13:16.085510
loaded input_output = 10:13:16.086790
loading test code = 10:13:16.086809
start = 10:13:16.120188
loaded input_output = 10:13:16.120614
loading test code = 10:13:16.120624
start = 10:13:16.149363
loaded input_output = 10:13:16.149656
loading test code = 10:13:16.149667
start = 10:13:15.893440
loaded input_output = 10:13:15.893710
loading test code = 10:13:15.893719
start = 10:13:16.325915
loaded input_output = 10:13:16.326256
loading test code = 10:13:16.326267
start = 10:13:16.399900
loaded input_output = 10:13:16.401057
loading test code = 10:13:16.401071
start = 10:13:16.425656
loaded input_output = 10:13:16.425945
loading test code = 10:13:16.425954
start = 10:13:16.152636
loaded input_output = 10:13:16.153009
loading test code = 10:13:16.153020
start = 10:13:16.242386
loaded input_output = 10:13:16.242836
loading test code = 10:13:16.242853
start = 10:13:06.068082
loaded input_output = 10:13:06.068405
loading test code = 10:13:06.068415
timeout occured: alarm went off
start = 10:13:16.698877
loaded input_output = 10:13:16.700672
loading test code = 10:13:16.700687
start = 10:13:16.706613
loaded input_output = 10:13:16.708045
loading test code = 10:13:16.708062
start = 10:13:16.508137
loaded input_output = 10:13:16.508416
loading test code = 10:13:16.508425
start = 10:13:16.803890
loaded input_output = 10:13:16.804206
loading test code = 10:13:16.804216
start = 10:13:16.592921
loaded input_output = 10:13:16.593470
loading test code = 10:13:16.593481
start = 10:13:16.965019
loaded input_output = 10:13:16.965545
loading test code = 10:13:16.965563
start = 10:13:16.982732
loaded input_output = 10:13:16.989524
loading test code = 10:13:16.989549
start = 10:13:17.068490
loaded input_output = 10:13:17.090234
loading test code = 10:13:17.090273
start = 10:13:17.066109
loaded input_output = 10:13:17.066712
loading test code = 10:13:17.066724
start = 10:13:16.919966
loaded input_output = 10:13:16.920259
loading test code = 10:13:16.920271
start = 10:13:17.256120
loaded input_output = 10:13:17.256421
loading test code = 10:13:17.256431
start = 10:13:17.341317
loaded input_output = 10:13:17.341708
loading test code = 10:13:17.341718
start = 10:13:17.176961
loaded input_output = 10:13:17.227242
loading test code = 10:13:17.227281
start = 10:13:17.261361
loaded input_output = 10:13:17.261639
loading test code = 10:13:17.261648
start = 10:13:17.570184
loaded input_output = 10:13:17.570490
loading test code = 10:13:17.570501
start = 10:13:17.582406
loaded input_output = 10:13:17.582951
loading test code = 10:13:17.582964
start = 10:13:17.714661
loaded input_output = 10:13:17.715246
loading test code = 10:13:17.715258
start = 10:13:11.837847
loaded input_output = 10:13:11.846083
loading test code = 10:13:11.846118
start = 10:13:17.795630
loaded input_output = 10:13:17.796003
loading test code = 10:13:17.796013
start = 10:13:18.098305
loaded input_output = 10:13:18.099661
loading test code = 10:13:18.099674
start = 10:13:18.129035
loaded input_output = 10:13:18.129496
loading test code = 10:13:18.129506
start = 10:13:15.020638
loaded input_output = 10:13:15.103289
loading test code = 10:13:15.103334
start = 10:13:18.253261
loaded input_output = 10:13:18.253960
loading test code = 10:13:18.253970
start = 10:13:18.414564
loaded input_output = 10:13:18.415665
loading test code = 10:13:18.415675
start = 10:13:18.435720
loaded input_output = 10:13:18.440544
loading test code = 10:13:18.440562
start = 10:13:18.279932
loaded input_output = 10:13:18.280285
loading test code = 10:13:18.280300
start = 10:13:18.285285
loaded input_output = 10:13:18.285773
loading test code = 10:13:18.285783
start = 10:13:18.536215
loaded input_output = 10:13:18.536532
loading test code = 10:13:18.536550
start = 10:13:18.680658
loaded input_output = 10:13:18.681125
loading test code = 10:13:18.681137
start = 10:13:18.695971
loaded input_output = 10:13:18.697167
loading test code = 10:13:18.697177
start = 10:13:18.833365
loaded input_output = 10:13:18.833795
loading test code = 10:13:18.833805
start = 10:13:18.351673
loaded input_output = 10:13:18.353838
loading test code = 10:13:18.353854
start = 10:13:18.862540
loaded input_output = 10:13:18.942241
loading test code = 10:13:18.942280
start = 10:13:18.970663
loaded input_output = 10:13:18.971092
loading test code = 10:13:18.971104
start = 10:13:16.116692
loaded input_output = 10:13:16.119617
loading test code = 10:13:16.119636
start = 10:13:19.149177
loaded input_output = 10:13:19.149489
loading test code = 10:13:19.149501
start = 10:13:19.186122
loaded input_output = 10:13:19.186852
loading test code = 10:13:19.186873
start = 10:13:19.226023
loaded input_output = 10:13:19.226324
loading test code = 10:13:19.226335
start = 10:13:19.249112
loaded input_output = 10:13:19.265168
loading test code = 10:13:19.265201
start = 10:13:19.003525
loaded input_output = 10:13:19.003808
loading test code = 10:13:19.003818
start = 10:13:19.418926
loaded input_output = 10:13:19.419408
loading test code = 10:13:19.419419
start = 10:13:19.456895
loaded input_output = 10:13:19.457316
loading test code = 10:13:19.457325
start = 10:13:19.453298
loaded input_output = 10:13:19.453619
loading test code = 10:13:19.453630
start = 10:13:19.504503
loaded input_output = 10:13:19.504795
loading test code = 10:13:19.504806
start = 10:13:19.538735
loaded input_output = 10:13:19.539143
loading test code = 10:13:19.539154
start = 10:13:19.555137
loaded input_output = 10:13:19.558252
loading test code = 10:13:19.558270
start = 10:13:19.648506
loaded input_output = 10:13:19.648979
loading test code = 10:13:19.648989
start = 10:13:19.710838
loaded input_output = 10:13:19.714171
loading test code = 10:13:19.714193
start = 10:13:19.799338
loaded input_output = 10:13:19.815734
loading test code = 10:13:19.815764
start = 10:13:19.846527
loaded input_output = 10:13:19.950233
loading test code = 10:13:19.950269
start = 10:13:19.976235
loaded input_output = 10:13:19.976662
loading test code = 10:13:19.976672
start = 10:13:19.971755
loaded input_output = 10:13:19.972620
loading test code = 10:13:19.972631
start = 10:13:19.761631
loaded input_output = 10:13:19.761961
loading test code = 10:13:19.761974
start = 10:13:20.073333
loaded input_output = 10:13:20.073623
loading test code = 10:13:20.073633
start = 10:13:19.794236
loaded input_output = 10:13:19.794645
loading test code = 10:13:19.794654
start = 10:13:20.184837
loaded input_output = 10:13:20.185113
loading test code = 10:13:20.185121
start = 10:13:20.248237
loaded input_output = 10:13:20.249177
loading test code = 10:13:20.249191
start = 10:13:20.204907
loaded input_output = 10:13:20.205181
loading test code = 10:13:20.205190
start = 10:13:14.276662
loaded input_output = 10:13:14.277416
loading test code = 10:13:14.277426
start = 10:13:20.364796
loaded input_output = 10:13:20.397741
loading test code = 10:13:20.397768
start = 10:13:20.466064
loaded input_output = 10:13:20.466370
loading test code = 10:13:20.466381
start = 10:13:20.329712
loaded input_output = 10:13:20.329989
loading test code = 10:13:20.330000
start = 10:13:20.531438
loaded input_output = 10:13:20.531739
loading test code = 10:13:20.531748
start = 10:13:20.662507
loaded input_output = 10:13:20.663711
loading test code = 10:13:20.663723
start = 10:13:20.692344
loaded input_output = 10:13:20.707460
loading test code = 10:13:20.707498
start = 10:13:20.680774
loaded input_output = 10:13:20.735592
loading test code = 10:13:20.735628
start = 10:13:20.555706
loaded input_output = 10:13:20.748668
loading test code = 10:13:20.748704
start = 10:13:20.691206
loaded input_output = 10:13:20.801286
loading test code = 10:13:20.801328
start = 10:13:20.829109
loaded input_output = 10:13:20.831305
loading test code = 10:13:20.831323
start = 10:13:20.963705
loaded input_output = 10:13:20.964494
loading test code = 10:13:20.964507
start = 10:13:21.012123
loaded input_output = 10:13:21.014099
loading test code = 10:13:21.014114
start = 10:13:21.007434
loaded input_output = 10:13:21.007768
loading test code = 10:13:21.007781
start = 10:13:21.060356
loaded input_output = 10:13:21.060646
loading test code = 10:13:21.060654
start = 10:13:21.100383
loaded input_output = 10:13:21.156917
loading test code = 10:13:21.156958
start = 10:13:21.207818
loaded input_output = 10:13:21.208168
loading test code = 10:13:21.208177
start = 10:13:21.279344
loaded input_output = 10:13:21.279867
loading test code = 10:13:21.279878
start = 10:13:21.025268
loaded input_output = 10:13:21.309840
loading test code = 10:13:21.309881
start = 10:13:21.331482
loaded input_output = 10:13:21.331778
loading test code = 10:13:21.331787
start = 10:13:21.451211
loaded input_output = 10:13:21.452075
loading test code = 10:13:21.452087
start = 10:13:21.489127
loaded input_output = 10:13:21.489448
loading test code = 10:13:21.489460
start = 10:13:21.511541
loaded input_output = 10:13:21.550830
loading test code = 10:13:21.550883
start = 10:13:21.574614
loaded input_output = 10:13:21.574928
loading test code = 10:13:21.574939
start = 10:13:21.616333
loaded input_output = 10:13:21.616650
loading test code = 10:13:21.616658
start = 10:13:15.608645
loaded input_output = 10:13:15.616995
loading test code = 10:13:15.617032
start = 10:13:21.766234
loaded input_output = 10:13:21.766611
loading test code = 10:13:21.766621
start = 10:13:21.790022
loaded input_output = 10:13:21.790403
loading test code = 10:13:21.790415
start = 10:13:21.752260
loaded input_output = 10:13:21.798938
loading test code = 10:13:21.798980
start = 10:13:21.892991
loaded input_output = 10:13:21.894941
loading test code = 10:13:21.894956
start = 10:13:21.901288
loaded input_output = 10:13:21.904505
loading test code = 10:13:21.904532
start = 10:13:21.944277
loaded input_output = 10:13:21.948223
loading test code = 10:13:21.948241
start = 10:13:22.051317
loaded input_output = 10:13:22.053875
loading test code = 10:13:22.053891
start = 10:13:22.062425
loaded input_output = 10:13:22.067717
loading test code = 10:13:22.067738
start = 10:13:22.091356
loaded input_output = 10:13:22.092607
loading test code = 10:13:22.092618
start = 10:13:22.143389
loaded input_output = 10:13:22.145559
loading test code = 10:13:22.145573
start = 10:13:22.216143
loaded input_output = 10:13:22.216485
loading test code = 10:13:22.216496
start = 10:13:22.206927
loaded input_output = 10:13:22.213043
loading test code = 10:13:22.213066
start = 10:13:16.418282
loaded input_output = 10:13:16.421418
loading test code = 10:13:16.421438
start = 10:13:11.867592
loaded input_output = 10:13:11.920133
loading test code = 10:13:11.920168
start = 10:13:13.287251
loaded input_output = 10:13:13.426632
loading test code = 10:13:13.426655
start = 10:13:17.415730
loaded input_output = 10:13:17.416510
loading test code = 10:13:17.416522
start = 10:13:17.524729
loaded input_output = 10:13:17.565229
loading test code = 10:13:17.565267
start = 10:13:16.741883
loaded input_output = 10:13:16.744215
loading test code = 10:13:16.744233
start = 10:13:18.863806
loaded input_output = 10:13:19.187099
loading test code = 10:13:19.187135
start = 10:13:21.286225
loaded input_output = 10:13:21.286676
loading test code = 10:13:21.286692
start = 10:13:20.386222
loaded input_output = 10:13:20.386745
loading test code = 10:13:20.386756
[JUDGED] L01: pass@1=17.36% empty=7 wall=306.8s
global timeout
