start = 11:08:52.939497
loaded input_output = 11:08:52.939789
loading test code = 11:08:52.939801
start = 11:08:52.910529
loaded input_output = 11:08:52.910956
loading test code = 11:08:52.910968
start = 11:08:52.928745
loaded input_output = 11:08:52.929051
loading test code = 11:08:52.929061
start = 11:08:52.923650
loaded input_output = 11:08:52.923964
loading test code = 11:08:52.923974
start = 11:08:52.931828
loaded input_output = 11:08:52.932144
loading test code = 11:08:52.932154
start = 11:08:52.935245
loaded input_output = 11:08:52.935539
loading test code = 11:08:52.935549
start = 11:08:52.926630
loaded input_output = 11:08:52.926945
loading test code = 11:08:52.926955
start = 11:08:52.931690
loaded input_output = 11:08:52.942269
loading test code = 11:08:52.942295
start = 11:08:52.959297
loaded input_output = 11:08:52.959768
loading test code = 11:08:52.959780
start = 11:08:52.991567
loaded input_output = 11:08:52.991914
loading test code = 11:08:52.991926
start = 11:08:52.953935
loaded input_output = 11:08:52.954782
loading test code = 11:08:52.954796
start = 11:08:52.943531
loaded input_output = 11:08:52.959491
loading test code = 11:08:52.959518
start = 11:08:53.179576
loaded input_output = 11:08:53.180807
loading test code = 11:08:53.180824
start = 11:08:53.226028
loaded input_output = 11:08:53.226334
loading test code = 11:08:53.226343
start = 11:08:53.228087
loaded input_output = 11:08:53.228358
loading test code = 11:08:53.228368
start = 11:08:53.266467
loaded input_output = 11:08:53.266819
loading test code = 11:08:53.266832
start = 11:08:53.287210
loaded input_output = 11:08:53.287610
loading test code = 11:08:53.287620
start = 11:08:52.936532
loaded input_output = 11:08:52.971149
loading test code = 11:08:52.971193
start = 11:08:53.202676
loaded input_output = 11:08:53.218849
loading test code = 11:08:53.218902
start = 11:08:53.473705
loaded input_output = 11:08:53.473994
loading test code = 11:08:53.474006
start = 11:08:52.939338
loaded input_output = 11:08:52.983200
loading test code = 11:08:52.983247
start = 11:08:53.528632
loaded input_output = 11:08:53.528903
loading test code = 11:08:53.528915
start = 11:08:52.911683
loaded input_output = 11:08:52.943059
loading test code = 11:08:52.943083
start = 11:08:53.744411
loaded input_output = 11:08:53.744669
loading test code = 11:08:53.744680
start = 11:08:53.249255
loaded input_output = 11:08:53.318456
loading test code = 11:08:53.318497
start = 11:08:53.803000
loaded input_output = 11:08:53.803318
loading test code = 11:08:53.803327
start = 11:08:53.580116
loaded input_output = 11:08:53.593344
loading test code = 11:08:53.593381
start = 11:08:53.725378
loaded input_output = 11:08:53.731884
loading test code = 11:08:53.731911
start = 11:08:53.752169
loaded input_output = 11:08:53.768036
loading test code = 11:08:53.768073
start = 11:08:53.579973
loaded input_output = 11:08:53.641771
loading test code = 11:08:53.641810
start = 11:08:54.019418
loaded input_output = 11:08:54.020203
loading test code = 11:08:54.020215
start = 11:08:54.032414
loaded input_output = 11:08:54.032721
loading test code = 11:08:54.032732
start = 11:08:54.078073
loaded input_output = 11:08:54.078372
loading test code = 11:08:54.078383
start = 11:08:54.098393
loaded input_output = 11:08:54.098881
loading test code = 11:08:54.098891
start = 11:08:53.227748
loaded input_output = 11:08:53.327881
loading test code = 11:08:53.327930
start = 11:08:54.209906
loaded input_output = 11:08:54.219383
loading test code = 11:08:54.219424
start = 11:08:54.282081
loaded input_output = 11:08:54.282417
loading test code = 11:08:54.282425
start = 11:08:54.300322
loaded input_output = 11:08:54.302932
loading test code = 11:08:54.302953
start = 11:08:54.357337
loaded input_output = 11:08:54.358216
loading test code = 11:08:54.358227
start = 11:08:54.342977
loaded input_output = 11:08:54.343366
loading test code = 11:08:54.343375
start = 11:08:54.170591
loaded input_output = 11:08:54.187050
loading test code = 11:08:54.187092
start = 11:08:54.443639
loaded input_output = 11:08:54.445591
loading test code = 11:08:54.445605
start = 11:08:54.495481
loaded input_output = 11:08:54.495722
loading test code = 11:08:54.495730
start = 11:08:54.545720
loaded input_output = 11:08:54.545989
loading test code = 11:08:54.545997
start = 11:08:54.549740
loaded input_output = 11:08:54.549985
loading test code = 11:08:54.549993
start = 11:08:54.547602
loaded input_output = 11:08:54.548155
loading test code = 11:08:54.548165
start = 11:08:54.635260
loaded input_output = 11:08:54.635524
loading test code = 11:08:54.635532
start = 11:08:54.775561
loaded input_output = 11:08:54.777101
loading test code = 11:08:54.777113
start = 11:08:54.840860
loaded input_output = 11:08:54.841892
loading test code = 11:08:54.841903
start = 11:08:54.687559
loaded input_output = 11:08:54.705068
loading test code = 11:08:54.705105
start = 11:08:55.004511
loaded input_output = 11:08:55.005191
loading test code = 11:08:55.005203
start = 11:08:54.767309
loaded input_output = 11:08:54.799985
loading test code = 11:08:54.800023
start = 11:08:55.072317
loaded input_output = 11:08:55.072613
loading test code = 11:08:55.072623
start = 11:08:54.200758
loaded input_output = 11:08:54.239172
loading test code = 11:08:54.239207
start = 11:08:55.198914
loaded input_output = 11:08:55.199217
loading test code = 11:08:55.199226
start = 11:08:53.223900
loaded input_output = 11:08:53.290285
loading test code = 11:08:53.290334
start = 11:08:55.275415
loaded input_output = 11:08:55.275672
loading test code = 11:08:55.275684
start = 11:08:53.622256
loaded input_output = 11:08:53.657218
loading test code = 11:08:53.657258
start = 11:08:53.574448
loaded input_output = 11:08:53.650717
loading test code = 11:08:53.650762
start = 11:08:55.381051
loaded input_output = 11:08:55.381281
loading test code = 11:08:55.381291
start = 11:08:54.686153
loaded input_output = 11:08:54.727841
loading test code = 11:08:54.727878
start = 11:08:55.252462
loaded input_output = 11:08:55.267850
loading test code = 11:08:55.267892
start = 11:08:55.537749
loaded input_output = 11:08:55.538011
loading test code = 11:08:55.538020
start = 11:08:55.558437
loaded input_output = 11:08:55.558792
loading test code = 11:08:55.558806
start = 11:08:55.379266
loaded input_output = 11:08:55.415170
loading test code = 11:08:55.415201
start = 11:08:55.674171
loaded input_output = 11:08:55.674448
loading test code = 11:08:55.674457
start = 11:08:55.738734
loaded input_output = 11:08:55.745654
loading test code = 11:08:55.745672
start = 11:08:53.209810
loaded input_output = 11:08:53.272377
loading test code = 11:08:53.272422
start = 11:08:55.688626
loaded input_output = 11:08:55.696594
loading test code = 11:08:55.696622
start = 11:08:55.571418
loaded input_output = 11:08:55.627962
loading test code = 11:08:55.627996
start = 11:08:56.027079
loaded input_output = 11:08:56.027962
loading test code = 11:08:56.027971
start = 11:08:56.093363
loaded input_output = 11:08:56.093635
loading test code = 11:08:56.093644
start = 11:08:55.756048
loaded input_output = 11:08:55.810589
loading test code = 11:08:55.810628
start = 11:08:56.357263
loaded input_output = 11:08:56.358527
loading test code = 11:08:56.358537
start = 11:08:56.419665
loaded input_output = 11:08:56.420186
loading test code = 11:08:56.420197
start = 11:08:55.980890
loaded input_output = 11:08:56.024581
loading test code = 11:08:56.024619
start = 11:08:55.331993
loaded input_output = 11:08:55.361944
loading test code = 11:08:55.361971
start = 11:08:54.821461
loaded input_output = 11:08:54.863372
loading test code = 11:08:54.863406
start = 11:08:56.669156
loaded input_output = 11:08:56.669441
loading test code = 11:08:56.669450
start = 11:08:56.655866
loaded input_output = 11:08:56.656380
loading test code = 11:08:56.656388
start = 11:08:56.778180
loaded input_output = 11:08:56.778463
loading test code = 11:08:56.778472
start = 11:08:56.886951
loaded input_output = 11:08:56.887247
loading test code = 11:08:56.887259
start = 11:08:56.986284
loaded input_output = 11:08:56.986605
loading test code = 11:08:56.986618
start = 11:08:56.871979
loaded input_output = 11:08:56.875497
loading test code = 11:08:56.875518
start = 11:08:57.112597
loaded input_output = 11:08:57.112885
loading test code = 11:08:57.112896
start = 11:08:56.823890
loaded input_output = 11:08:56.855555
loading test code = 11:08:56.855589
start = 11:08:56.925173
loaded input_output = 11:08:56.986833
loading test code = 11:08:56.986859
start = 11:08:57.238673
loaded input_output = 11:08:57.239042
loading test code = 11:08:57.239054
start = 11:08:57.403939
loaded input_output = 11:08:57.404252
loading test code = 11:08:57.404263
start = 11:08:57.515478
loaded input_output = 11:08:57.516110
loading test code = 11:08:57.516121
start = 11:08:57.532314
loaded input_output = 11:08:57.533304
loading test code = 11:08:57.533315
start = 11:08:55.993780
loaded input_output = 11:08:56.026133
loading test code = 11:08:56.026163
start = 11:08:57.724960
loaded input_output = 11:08:57.725254
loading test code = 11:08:57.725266
start = 11:08:57.785391
loaded input_output = 11:08:57.792819
loading test code = 11:08:57.792845
start = 11:08:57.333896
loaded input_output = 11:08:57.395770
loading test code = 11:08:57.395810
start = 11:08:57.827465
loaded input_output = 11:08:57.827809
loading test code = 11:08:57.827822
start = 11:08:57.961679
loaded input_output = 11:08:57.962020
loading test code = 11:08:57.962031
start = 11:08:58.048147
loaded input_output = 11:08:58.048433
loading test code = 11:08:58.048443
start = 11:08:58.059370
loaded input_output = 11:08:58.059685
loading test code = 11:08:58.059697
start = 11:08:58.217180
loaded input_output = 11:08:58.217822
loading test code = 11:08:58.217834
start = 11:08:58.049519
loaded input_output = 11:08:58.049776
loading test code = 11:08:58.049786
start = 11:08:58.363428
loaded input_output = 11:08:58.363765
loading test code = 11:08:58.363775
start = 11:08:58.306801
loaded input_output = 11:08:58.379595
loading test code = 11:08:58.379634
start = 11:08:57.853093
loaded input_output = 11:08:57.855665
loading test code = 11:08:57.855683
start = 11:08:58.521714
loaded input_output = 11:08:58.524505
loading test code = 11:08:58.524521
start = 11:08:58.610385
loaded input_output = 11:08:58.611485
loading test code = 11:08:58.611499
start = 11:08:58.616167
loaded input_output = 11:08:58.616448
loading test code = 11:08:58.616458
start = 11:08:58.781462
loaded input_output = 11:08:58.851186
loading test code = 11:08:58.851223
start = 11:08:58.670803
loaded input_output = 11:08:58.671099
loading test code = 11:08:58.671109
start = 11:08:52.995602
loaded input_output = 11:08:52.999470
loading test code = 11:08:52.999493
timeout occured: alarm went off
start = 11:08:58.782973
loaded input_output = 11:08:58.783287
loading test code = 11:08:58.783298
start = 11:08:59.135555
loaded input_output = 11:08:59.136712
loading test code = 11:08:59.136722
start = 11:08:59.212797
loaded input_output = 11:08:59.213115
loading test code = 11:08:59.213127
start = 11:08:59.400611
loaded input_output = 11:08:59.400969
loading test code = 11:08:59.400980
start = 11:08:59.507993
loaded input_output = 11:08:59.508435
loading test code = 11:08:59.508445
start = 11:08:59.272980
loaded input_output = 11:08:59.273261
loading test code = 11:08:59.273272
start = 11:08:59.358715
loaded input_output = 11:08:59.359032
loading test code = 11:08:59.359043
start = 11:08:59.698518
loaded input_output = 11:08:59.758141
loading test code = 11:08:59.758180
start = 11:08:59.786433
loaded input_output = 11:08:59.789869
loading test code = 11:08:59.789886
start = 11:08:59.788655
loaded input_output = 11:08:59.789006
loading test code = 11:08:59.789019
start = 11:09:00.060471
loaded input_output = 11:09:00.060804
loading test code = 11:09:00.060813
start = 11:08:59.898455
loaded input_output = 11:08:59.898815
loading test code = 11:08:59.898827
start = 11:08:54.310637
loaded input_output = 11:08:54.315331
loading test code = 11:08:54.315351
timeout occured: alarm went off
start = 11:09:00.068877
loaded input_output = 11:09:00.069129
loading test code = 11:09:00.069140
start = 11:09:00.090786
loaded input_output = 11:09:00.091154
loading test code = 11:09:00.091164
start = 11:09:00.368746
loaded input_output = 11:09:00.369079
loading test code = 11:09:00.369089
start = 11:09:00.433301
loaded input_output = 11:09:00.433597
loading test code = 11:09:00.433608
start = 11:08:57.258099
loaded input_output = 11:08:57.315758
loading test code = 11:08:57.315799
start = 11:09:00.608194
loaded input_output = 11:09:00.608474
loading test code = 11:09:00.608485
start = 11:09:00.628487
loaded input_output = 11:09:00.629590
loading test code = 11:09:00.629600
start = 11:09:00.596371
loaded input_output = 11:09:00.674146
loading test code = 11:09:00.674190
start = 11:09:00.731038
loaded input_output = 11:09:00.731334
loading test code = 11:09:00.731345
start = 11:09:00.884984
loaded input_output = 11:09:00.885270
loading test code = 11:09:00.885280
start = 11:09:00.962386
loaded input_output = 11:09:00.962684
loading test code = 11:09:00.962693
start = 11:09:00.949858
loaded input_output = 11:09:00.950184
loading test code = 11:09:00.950194
start = 11:09:01.014287
loaded input_output = 11:09:01.014816
loading test code = 11:09:01.014829
start = 11:09:00.790897
loaded input_output = 11:09:00.791298
loading test code = 11:09:00.791307
start = 11:09:01.309099
loaded input_output = 11:09:01.313563
loading test code = 11:09:01.313579
start = 11:08:55.122937
loaded input_output = 11:08:55.156153
loading test code = 11:08:55.156186
timeout occured: alarm went off
start = 11:09:01.187941
loaded input_output = 11:09:01.188250
loading test code = 11:09:01.188260
start = 11:09:01.241250
loaded input_output = 11:09:01.241594
loading test code = 11:09:01.241605
start = 11:09:01.236174
loaded input_output = 11:09:01.236579
loading test code = 11:09:01.236592
start = 11:09:01.411527
loaded input_output = 11:09:01.563720
loading test code = 11:09:01.563753
start = 11:09:01.805188
loaded input_output = 11:09:01.805663
loading test code = 11:09:01.805674
start = 11:09:01.808760
loaded input_output = 11:09:01.809020
loading test code = 11:09:01.809029
start = 11:09:01.833127
loaded input_output = 11:09:01.834031
loading test code = 11:09:01.834042
start = 11:09:01.833823
loaded input_output = 11:09:01.834662
loading test code = 11:09:01.834677
start = 11:09:01.886260
loaded input_output = 11:09:01.923614
loading test code = 11:09:01.923655
start = 11:08:55.879251
loaded input_output = 11:08:55.890802
loading test code = 11:08:55.890830
timeout occured: alarm went off
start = 11:09:02.083680
loaded input_output = 11:09:02.084151
loading test code = 11:09:02.084163
start = 11:09:02.135865
loaded input_output = 11:09:02.136183
loading test code = 11:09:02.136195
start = 11:09:02.127433
loaded input_output = 11:09:02.128710
loading test code = 11:09:02.128726
start = 11:08:53.608965
loaded input_output = 11:08:53.613158
loading test code = 11:08:53.613176
start = 11:09:02.140969
loaded input_output = 11:09:02.141249
loading test code = 11:09:02.141259
start = 11:09:02.393850
loaded input_output = 11:09:02.394249
loading test code = 11:09:02.394259
start = 11:08:55.849545
loaded input_output = 11:08:55.896013
loading test code = 11:08:55.896041
timeout occured: alarm went off
start = 11:09:02.239890
loaded input_output = 11:09:02.240215
loading test code = 11:09:02.240224
start = 11:09:02.481257
loaded input_output = 11:09:02.481551
loading test code = 11:09:02.481561
start = 11:09:02.261709
loaded input_output = 11:09:02.535154
loading test code = 11:09:02.535189
start = 11:09:02.393113
loaded input_output = 11:09:02.393390
loading test code = 11:09:02.393402
start = 11:09:02.626734
loaded input_output = 11:09:02.627043
loading test code = 11:09:02.627055
start = 11:08:56.609766
loaded input_output = 11:08:56.610037
loading test code = 11:08:56.610046
timeout occured: alarm went off
start = 11:08:55.487013
loaded input_output = 11:08:55.517029
loading test code = 11:08:55.517060
timeout occured: alarm went off
start = 11:09:02.663255
loaded input_output = 11:09:02.663826
loading test code = 11:09:02.663838
start = 11:09:02.801224
loaded input_output = 11:09:02.801631
loading test code = 11:09:02.801642
start = 11:09:02.729128
loaded input_output = 11:09:02.811190
loading test code = 11:09:02.811226
start = 11:09:02.829573
loaded input_output = 11:09:02.831235
loading test code = 11:09:02.831249
start = 11:09:02.854974
loaded input_output = 11:09:02.855206
loading test code = 11:09:02.855216
start = 11:09:02.826144
loaded input_output = 11:09:02.826785
loading test code = 11:09:02.826798
start = 11:09:02.690162
loaded input_output = 11:09:02.690428
loading test code = 11:09:02.690441
start = 11:09:02.696477
loaded input_output = 11:09:02.697009
loading test code = 11:09:02.697022
start = 11:08:53.970885
loaded input_output = 11:08:53.971198
loading test code = 11:08:53.971209
timeout occured: alarm went off
start = 11:09:03.014754
loaded input_output = 11:09:03.016028
loading test code = 11:09:03.016041
start = 11:09:02.854215
loaded input_output = 11:09:02.854486
loading test code = 11:09:02.854498
start = 11:09:03.046859
loaded input_output = 11:09:03.047127
loading test code = 11:09:03.047136
start = 11:09:03.082869
loaded input_output = 11:09:03.083362
loading test code = 11:09:03.083372
start = 11:09:03.086505
loaded input_output = 11:09:03.086770
loading test code = 11:09:03.086780
start = 11:09:03.225707
loaded input_output = 11:09:03.226008
loading test code = 11:09:03.226018
start = 11:09:03.221726
loaded input_output = 11:09:03.222731
loading test code = 11:09:03.222750
start = 11:09:03.092493
loaded input_output = 11:09:03.092827
loading test code = 11:09:03.092840
start = 11:09:03.282307
loaded input_output = 11:09:03.282584
loading test code = 11:09:03.282592
start = 11:09:03.136212
loaded input_output = 11:09:03.136569
loading test code = 11:09:03.136579
start = 11:09:03.428799
loaded input_output = 11:09:03.429901
loading test code = 11:09:03.429915
start = 11:09:03.282950
loaded input_output = 11:09:03.283432
loading test code = 11:09:03.283442
start = 11:09:03.289558
loaded input_output = 11:09:03.289780
loading test code = 11:09:03.289788
start = 11:09:03.439216
loaded input_output = 11:09:03.440815
loading test code = 11:09:03.440826
start = 11:09:03.531177
loaded input_output = 11:09:03.531458
loading test code = 11:09:03.531467
start = 11:09:03.638426
loaded input_output = 11:09:03.638911
loading test code = 11:09:03.638926
start = 11:09:03.706253
loaded input_output = 11:09:03.717736
loading test code = 11:09:03.717770
start = 11:09:03.711700
loaded input_output = 11:09:03.736369
loading test code = 11:09:03.736399
start = 11:09:03.687452
loaded input_output = 11:09:03.688012
loading test code = 11:09:03.688024
start = 11:09:03.572343
loaded input_output = 11:09:03.572615
loading test code = 11:09:03.572627
start = 11:09:03.933819
loaded input_output = 11:09:03.934082
loading test code = 11:09:03.934092
start = 11:09:04.002756
loaded input_output = 11:09:04.003081
loading test code = 11:09:04.003090
start = 11:09:03.766399
loaded input_output = 11:09:03.831341
loading test code = 11:09:03.831375
start = 11:09:04.001919
loaded input_output = 11:09:04.002197
loading test code = 11:09:04.002207
start = 11:09:04.174835
loaded input_output = 11:09:04.175135
loading test code = 11:09:04.175145
start = 11:09:04.274752
loaded input_output = 11:09:04.275318
loading test code = 11:09:04.275331
start = 11:09:04.258507
loaded input_output = 11:09:04.259092
loading test code = 11:09:04.259104
start = 11:09:04.659909
loaded input_output = 11:09:04.661247
loading test code = 11:09:04.661260
start = 11:09:04.704488
loaded input_output = 11:09:04.704942
loading test code = 11:09:04.704952
start = 11:09:04.490333
loaded input_output = 11:09:04.490655
loading test code = 11:09:04.490664
start = 11:09:02.359833
loaded input_output = 11:09:02.444706
loading test code = 11:09:02.444749
start = 11:09:04.763141
loaded input_output = 11:09:04.763868
loading test code = 11:09:04.763878
start = 11:09:05.064149
loaded input_output = 11:09:05.069080
loading test code = 11:09:05.069100
start = 11:08:58.899507
loaded input_output = 11:08:58.912036
loading test code = 11:08:58.912070
start = 11:09:05.096612
loaded input_output = 11:09:05.097800
loading test code = 11:09:05.097810
start = 11:09:04.950363
loaded input_output = 11:09:04.950673
loading test code = 11:09:04.950688
start = 11:09:04.977197
loaded input_output = 11:09:04.977726
loading test code = 11:09:04.977739
start = 11:09:05.334401
loaded input_output = 11:09:05.335677
loading test code = 11:09:05.335691
start = 11:09:05.340890
loaded input_output = 11:09:05.341319
loading test code = 11:09:05.341329
start = 11:09:05.360219
loaded input_output = 11:09:05.360500
loading test code = 11:09:05.360518
start = 11:09:05.039850
loaded input_output = 11:09:05.041941
loading test code = 11:09:05.041956
start = 11:09:05.576441
loaded input_output = 11:09:05.576850
loading test code = 11:09:05.576860
start = 11:09:03.071654
loaded input_output = 11:09:03.074614
loading test code = 11:09:03.074630
start = 11:09:05.557853
loaded input_output = 11:09:05.616625
loading test code = 11:09:05.616660
start = 11:09:05.654377
loaded input_output = 11:09:05.654765
loading test code = 11:09:05.654777
start = 11:09:05.737581
loaded input_output = 11:09:05.737911
loading test code = 11:09:05.737925
start = 11:09:05.841555
loaded input_output = 11:09:05.841863
loading test code = 11:09:05.841874
start = 11:09:05.832784
loaded input_output = 11:09:05.833383
loading test code = 11:09:05.833399
start = 11:09:05.890020
loaded input_output = 11:09:05.900551
loading test code = 11:09:05.900579
start = 11:09:05.974310
loaded input_output = 11:09:05.974753
loading test code = 11:09:05.974765
start = 11:09:05.985200
loaded input_output = 11:09:05.985534
loading test code = 11:09:05.985542
start = 11:09:05.697424
loaded input_output = 11:09:05.697685
loading test code = 11:09:05.697694
start = 11:09:06.089963
loaded input_output = 11:09:06.090265
loading test code = 11:09:06.090276
start = 11:09:06.112066
loaded input_output = 11:09:06.112325
loading test code = 11:09:06.112334
start = 11:09:06.158036
loaded input_output = 11:09:06.158346
loading test code = 11:09:06.158354
start = 11:09:06.216107
loaded input_output = 11:09:06.219007
loading test code = 11:09:06.219026
start = 11:09:06.249012
loaded input_output = 11:09:06.249444
loading test code = 11:09:06.249455
start = 11:09:06.334982
loaded input_output = 11:09:06.338136
loading test code = 11:09:06.338155
start = 11:09:06.474296
loaded input_output = 11:09:06.485766
loading test code = 11:09:06.485795
start = 11:09:06.504404
loaded input_output = 11:09:06.505223
loading test code = 11:09:06.505236
start = 11:09:06.440514
loaded input_output = 11:09:06.545259
loading test code = 11:09:06.545288
start = 11:09:06.341218
loaded input_output = 11:09:06.341505
loading test code = 11:09:06.341515
start = 11:09:06.569955
loaded input_output = 11:09:06.570349
loading test code = 11:09:06.570359
start = 11:09:01.604972
loaded input_output = 11:09:01.605719
loading test code = 11:09:01.605730
start = 11:09:06.423956
loaded input_output = 11:09:06.424333
loading test code = 11:09:06.424342
start = 11:09:06.763964
loaded input_output = 11:09:06.764236
loading test code = 11:09:06.764245
start = 11:09:06.718513
loaded input_output = 11:09:06.718792
loading test code = 11:09:06.718803
start = 11:09:06.796070
loaded input_output = 11:09:06.796375
loading test code = 11:09:06.796385
start = 11:09:06.827533
loaded input_output = 11:09:06.828241
loading test code = 11:09:06.828254
start = 11:09:06.810252
loaded input_output = 11:09:06.810499
loading test code = 11:09:06.810509
start = 11:09:06.864505
loaded input_output = 11:09:06.905517
loading test code = 11:09:06.905553
start = 11:09:06.970819
loaded input_output = 11:09:06.971113
loading test code = 11:09:06.971125
start = 11:09:07.010286
loaded input_output = 11:09:07.010545
loading test code = 11:09:07.010553
start = 11:09:07.047210
loaded input_output = 11:09:07.048325
loading test code = 11:09:07.048338
start = 11:09:07.048973
loaded input_output = 11:09:07.164763
loading test code = 11:09:07.164791
start = 11:09:07.157753
loaded input_output = 11:09:07.167950
loading test code = 11:09:07.167973
start = 11:09:07.166604
loaded input_output = 11:09:07.210666
loading test code = 11:09:07.210701
start = 11:09:07.177372
loaded input_output = 11:09:07.259977
loading test code = 11:09:07.260012
start = 11:09:07.288308
loaded input_output = 11:09:07.290303
loading test code = 11:09:07.290315
start = 11:09:07.290952
loaded input_output = 11:09:07.291717
loading test code = 11:09:07.291734
start = 11:09:07.502121
loaded input_output = 11:09:07.504143
loading test code = 11:09:07.504158
start = 11:09:07.512441
loaded input_output = 11:09:07.512732
loading test code = 11:09:07.512742
start = 11:09:07.384058
loaded input_output = 11:09:07.566518
loading test code = 11:09:07.566543
start = 11:09:07.565548
loaded input_output = 11:09:07.565850
loading test code = 11:09:07.565863
start = 11:09:07.526941
loaded input_output = 11:09:07.585031
loading test code = 11:09:07.585066
start = 11:09:07.592673
loaded input_output = 11:09:07.592968
loading test code = 11:09:07.592977
start = 11:09:07.751269
loaded input_output = 11:09:07.751812
loading test code = 11:09:07.751826
start = 11:09:07.830698
loaded input_output = 11:09:07.831028
loading test code = 11:09:07.831040
start = 11:09:07.851890
loaded input_output = 11:09:07.852192
loading test code = 11:09:07.852203
start = 11:09:07.865781
loaded input_output = 11:09:07.866533
loading test code = 11:09:07.866545
start = 11:09:07.913180
loaded input_output = 11:09:07.920649
loading test code = 11:09:07.920686
start = 11:08:58.918611
loaded input_output = 11:08:58.970689
loading test code = 11:08:58.970722
start = 11:09:08.003232
loaded input_output = 11:09:08.003534
loading test code = 11:09:08.003544
start = 11:09:08.103311
loaded input_output = 11:09:08.103595
loading test code = 11:09:08.103604
start = 11:09:08.161922
loaded input_output = 11:09:08.162290
loading test code = 11:09:08.162302
start = 11:09:08.101681
loaded input_output = 11:09:08.141726
loading test code = 11:09:08.141764
start = 11:09:08.163945
loaded input_output = 11:09:08.167087
loading test code = 11:09:08.167120
start = 11:09:08.199521
loaded input_output = 11:09:08.199931
loading test code = 11:09:08.199941
start = 11:09:08.351990
loaded input_output = 11:09:08.353781
loading test code = 11:09:08.353792
start = 11:09:08.364243
loaded input_output = 11:09:08.367887
loading test code = 11:09:08.367903
start = 11:09:08.407330
loaded input_output = 11:09:08.412206
loading test code = 11:09:08.412229
start = 11:09:08.416801
loaded input_output = 11:09:08.419470
loading test code = 11:09:08.419487
start = 11:09:08.453154
loaded input_output = 11:09:08.454388
loading test code = 11:09:08.454400
start = 11:09:08.483329
loaded input_output = 11:09:08.485493
loading test code = 11:09:08.485507
start = 11:09:08.574339
loaded input_output = 11:09:08.574731
loading test code = 11:09:08.574757
start = 11:09:08.611051
loaded input_output = 11:09:08.616905
loading test code = 11:09:08.616920
start = 11:09:02.729900
loaded input_output = 11:09:02.737624
loading test code = 11:09:02.737649
start = 11:09:03.227857
loaded input_output = 11:09:03.230939
loading test code = 11:09:03.230952
start = 11:09:00.625045
loaded input_output = 11:09:00.788436
loading test code = 11:09:00.788474
start = 11:09:04.030229
loaded input_output = 11:09:04.030997
loading test code = 11:09:04.031009
start = 11:09:04.074842
loaded input_output = 11:09:04.104312
loading test code = 11:09:04.104350
start = 11:09:03.464763
loaded input_output = 11:09:03.466694
loading test code = 11:09:03.466704
start = 11:09:05.659842
loaded input_output = 11:09:05.939648
loading test code = 11:09:05.939683
start = 11:09:07.711811
loaded input_output = 11:09:07.712238
loading test code = 11:09:07.712247
start = 11:09:06.939760
loaded input_output = 11:09:06.940257
loading test code = 11:09:06.940268
[JUDGED] L01: pass@1=17.36% empty=7 wall=306.9s
global timeout
