start = 09:19:40.313285
loaded input_output = 09:19:40.313735
loading test code = 09:19:40.313748
start = 09:19:40.342369
loaded input_output = 09:19:40.342671
loading test code = 09:19:40.342680
start = 09:19:40.340112
loaded input_output = 09:19:40.340390
loading test code = 09:19:40.340400
start = 09:19:40.347284
loaded input_output = 09:19:40.347589
loading test code = 09:19:40.347601
start = 09:19:40.342714
loaded input_output = 09:19:40.343082
loading test code = 09:19:40.343092
start = 09:19:40.338708
loaded input_output = 09:19:40.339090
loading test code = 09:19:40.339101
start = 09:19:40.350618
loaded input_output = 09:19:40.350943
loading test code = 09:19:40.350954
start = 09:19:40.361314
loaded input_output = 09:19:40.361631
loading test code = 09:19:40.361641
start = 09:19:40.389875
loaded input_output = 09:19:40.390140
loading test code = 09:19:40.390148
start = 09:19:40.363388
loaded input_output = 09:19:40.378366
loading test code = 09:19:40.378394
start = 09:19:40.346549
loaded input_output = 09:19:40.347527
loading test code = 09:19:40.347543
start = 09:19:40.343717
loaded input_output = 09:19:40.370101
loading test code = 09:19:40.370131
start = 09:19:40.593795
loaded input_output = 09:19:40.594106
loading test code = 09:19:40.594117
start = 09:19:40.636945
loaded input_output = 09:19:40.637271
loading test code = 09:19:40.637282
start = 09:19:40.642062
loaded input_output = 09:19:40.643278
loading test code = 09:19:40.643290
start = 09:19:40.677219
loaded input_output = 09:19:40.677525
loading test code = 09:19:40.677533
start = 09:19:40.703934
loaded input_output = 09:19:40.704316
loading test code = 09:19:40.704327
start = 09:19:40.367265
loaded input_output = 09:19:40.401475
loading test code = 09:19:40.401510
start = 09:19:40.864190
loaded input_output = 09:19:40.864501
loading test code = 09:19:40.864511
start = 09:19:40.323834
loaded input_output = 09:19:40.357758
loading test code = 09:19:40.357798
start = 09:19:40.908831
loaded input_output = 09:19:40.909125
loading test code = 09:19:40.909133
start = 09:19:40.640799
loaded input_output = 09:19:40.666342
loading test code = 09:19:40.666379
start = 09:19:40.372699
loaded input_output = 09:19:40.403121
loading test code = 09:19:40.403158
start = 09:19:41.113930
loaded input_output = 09:19:41.114214
loading test code = 09:19:41.114225
start = 09:19:40.719071
loaded input_output = 09:19:40.778455
loading test code = 09:19:40.778491
start = 09:19:41.205588
loaded input_output = 09:19:41.205897
loading test code = 09:19:41.205906
start = 09:19:40.933197
loaded input_output = 09:19:40.952033
loading test code = 09:19:40.952069
start = 09:19:41.176176
loaded input_output = 09:19:41.183279
loading test code = 09:19:41.183310
start = 09:19:41.442481
loaded input_output = 09:19:41.443264
loading test code = 09:19:41.443281
start = 09:19:41.235053
loaded input_output = 09:19:41.254991
loading test code = 09:19:41.255027
start = 09:19:41.466420
loaded input_output = 09:19:41.466732
loading test code = 09:19:41.466753
start = 09:19:41.493769
loaded input_output = 09:19:41.494245
loading test code = 09:19:41.494257
start = 09:19:41.516482
loaded input_output = 09:19:41.516803
loading test code = 09:19:41.516812
start = 09:19:41.063980
loaded input_output = 09:19:41.146376
loading test code = 09:19:41.146411
start = 09:19:41.715734
loaded input_output = 09:19:41.716092
loading test code = 09:19:41.716101
start = 09:19:41.704332
loaded input_output = 09:19:41.714252
loading test code = 09:19:41.714277
start = 09:19:40.712698
loaded input_output = 09:19:40.781180
loading test code = 09:19:40.781221
start = 09:19:41.805457
loaded input_output = 09:19:41.805917
loading test code = 09:19:41.805928
start = 09:19:41.831906
loaded input_output = 09:19:41.834909
loading test code = 09:19:41.834939
start = 09:19:41.716699
loaded input_output = 09:19:41.736268
loading test code = 09:19:41.736313
start = 09:19:41.998465
loaded input_output = 09:19:41.998776
loading test code = 09:19:41.998793
start = 09:19:42.026287
loaded input_output = 09:19:42.027392
loading test code = 09:19:42.027419
start = 09:19:42.051308
loaded input_output = 09:19:42.051590
loading test code = 09:19:42.051597
start = 09:19:42.032968
loaded input_output = 09:19:42.035058
loading test code = 09:19:42.035076
start = 09:19:42.215882
loaded input_output = 09:19:42.216261
loading test code = 09:19:42.216275
start = 09:19:42.228698
loaded input_output = 09:19:42.229326
loading test code = 09:19:42.229339
start = 09:19:42.326444
loaded input_output = 09:19:42.326828
loading test code = 09:19:42.326842
start = 09:19:42.336275
loaded input_output = 09:19:42.337928
loading test code = 09:19:42.337948
start = 09:19:42.294177
loaded input_output = 09:19:42.321388
loading test code = 09:19:42.321422
start = 09:19:42.610997
loaded input_output = 09:19:42.611770
loading test code = 09:19:42.611779
start = 09:19:42.632627
loaded input_output = 09:19:42.633644
loading test code = 09:19:42.633653
start = 09:19:42.792217
loaded input_output = 09:19:42.792528
loading test code = 09:19:42.792538
start = 09:19:42.889978
loaded input_output = 09:19:42.890280
loading test code = 09:19:42.890289
start = 09:19:42.498099
loaded input_output = 09:19:42.543879
loading test code = 09:19:42.543922
start = 09:19:41.615708
loaded input_output = 09:19:41.667789
loading test code = 09:19:41.667830
start = 09:19:43.145962
loaded input_output = 09:19:43.146261
loading test code = 09:19:43.146273
start = 09:19:40.936078
loaded input_output = 09:19:41.032661
loading test code = 09:19:41.032701
start = 09:19:40.648220
loaded input_output = 09:19:40.701537
loading test code = 09:19:40.701582
start = 09:19:43.307970
loaded input_output = 09:19:43.308268
loading test code = 09:19:43.308278
start = 09:19:43.472314
loaded input_output = 09:19:43.472585
loading test code = 09:19:43.472594
start = 09:19:42.296495
loaded input_output = 09:19:42.356976
loading test code = 09:19:42.357018
start = 09:19:43.110168
loaded input_output = 09:19:43.133060
loading test code = 09:19:43.133120
start = 09:19:41.049150
loaded input_output = 09:19:41.118362
loading test code = 09:19:41.118395
start = 09:19:43.558212
loaded input_output = 09:19:43.558578
loading test code = 09:19:43.558591
start = 09:19:43.386836
loaded input_output = 09:19:43.447699
loading test code = 09:19:43.447741
start = 09:19:43.818676
loaded input_output = 09:19:43.818998
loading test code = 09:19:43.819010
start = 09:19:43.868903
loaded input_output = 09:19:43.876561
loading test code = 09:19:43.876591
start = 09:19:43.835833
loaded input_output = 09:19:43.844836
loading test code = 09:19:43.844869
start = 09:19:43.686345
loaded input_output = 09:19:43.732044
loading test code = 09:19:43.732082
start = 09:19:40.583446
loaded input_output = 09:19:40.660267
loading test code = 09:19:40.660307
start = 09:19:44.403584
loaded input_output = 09:19:44.404495
loading test code = 09:19:44.404513
start = 09:19:43.812692
loaded input_output = 09:19:43.893988
loading test code = 09:19:43.894032
start = 09:19:44.507795
loaded input_output = 09:19:44.508103
loading test code = 09:19:44.508112
start = 09:19:44.685582
loaded input_output = 09:19:44.686042
loading test code = 09:19:44.686053
start = 09:19:44.694661
loaded input_output = 09:19:44.696006
loading test code = 09:19:44.696022
start = 09:19:43.166629
loaded input_output = 09:19:43.220191
loading test code = 09:19:43.220226
start = 09:19:44.250251
loaded input_output = 09:19:44.300066
loading test code = 09:19:44.300105
start = 09:19:44.954038
loaded input_output = 09:19:44.954389
loading test code = 09:19:44.954401
start = 09:19:44.951713
loaded input_output = 09:19:44.952269
loading test code = 09:19:44.952285
start = 09:19:42.518033
loaded input_output = 09:19:42.588248
loading test code = 09:19:42.588294
start = 09:19:45.105108
loaded input_output = 09:19:45.105434
loading test code = 09:19:45.105445
start = 09:19:45.216056
loaded input_output = 09:19:45.216362
loading test code = 09:19:45.216372
start = 09:19:45.182373
loaded input_output = 09:19:45.186069
loading test code = 09:19:45.186091
start = 09:19:45.361087
loaded input_output = 09:19:45.361411
loading test code = 09:19:45.361423
start = 09:19:45.114807
loaded input_output = 09:19:45.151548
loading test code = 09:19:45.151587
start = 09:19:45.232631
loaded input_output = 09:19:45.299483
loading test code = 09:19:45.299527
start = 09:19:45.504076
loaded input_output = 09:19:45.504358
loading test code = 09:19:45.504365
start = 09:19:45.610595
loaded input_output = 09:19:45.610909
loading test code = 09:19:45.610919
start = 09:19:44.165045
loaded input_output = 09:19:44.204469
loading test code = 09:19:44.204510
start = 09:19:45.735734
loaded input_output = 09:19:45.736049
loading test code = 09:19:45.736059
start = 09:19:45.763599
loaded input_output = 09:19:45.764528
loading test code = 09:19:45.764538
start = 09:19:45.865563
loaded input_output = 09:19:45.866083
loading test code = 09:19:45.866092
start = 09:19:45.977663
loaded input_output = 09:19:45.977945
loading test code = 09:19:45.977955
start = 09:19:46.008301
loaded input_output = 09:19:46.008595
loading test code = 09:19:46.008609
start = 09:19:46.033881
loaded input_output = 09:19:46.041661
loading test code = 09:19:46.041682
start = 09:19:45.753858
loaded input_output = 09:19:45.813439
loading test code = 09:19:45.813479
start = 09:19:46.268223
loaded input_output = 09:19:46.268563
loading test code = 09:19:46.268572
start = 09:19:46.302826
loaded input_output = 09:19:46.303199
loading test code = 09:19:46.303215
start = 09:19:46.327860
loaded input_output = 09:19:46.328180
loading test code = 09:19:46.328192
start = 09:19:40.423774
loaded input_output = 09:19:40.428660
loading test code = 09:19:40.428689
timeout occured: alarm went off
start = 09:19:46.565195
loaded input_output = 09:19:46.565824
loading test code = 09:19:46.565838
start = 09:19:46.578724
loaded input_output = 09:19:46.579043
loading test code = 09:19:46.579052
start = 09:19:46.523953
loaded input_output = 09:19:46.592822
loading test code = 09:19:46.592855
start = 09:19:46.731367
loaded input_output = 09:19:46.734097
loading test code = 09:19:46.734113
start = 09:19:46.155867
loaded input_output = 09:19:46.158318
loading test code = 09:19:46.158334
start = 09:19:46.547681
loaded input_output = 09:19:46.547979
loading test code = 09:19:46.547989
start = 09:19:46.853154
loaded input_output = 09:19:46.853447
loading test code = 09:19:46.853457
start = 09:19:46.875064
loaded input_output = 09:19:46.876151
loading test code = 09:19:46.876162
start = 09:19:46.866445
loaded input_output = 09:19:46.866732
loading test code = 09:19:46.866752
start = 09:19:47.054786
loaded input_output = 09:19:47.124722
loading test code = 09:19:47.124757
start = 09:19:47.217627
loaded input_output = 09:19:47.218804
loading test code = 09:19:47.218819
start = 09:19:47.050035
loaded input_output = 09:19:47.050357
loading test code = 09:19:47.050368
start = 09:19:47.397444
loaded input_output = 09:19:47.397775
loading test code = 09:19:47.397785
start = 09:19:47.569653
loaded input_output = 09:19:47.569999
loading test code = 09:19:47.570008
start = 09:19:47.698155
loaded input_output = 09:19:47.698556
loading test code = 09:19:47.698566
start = 09:19:47.417300
loaded input_output = 09:19:47.417586
loading test code = 09:19:47.417596
start = 09:19:47.497245
loaded input_output = 09:19:47.497524
loading test code = 09:19:47.497533
start = 09:19:41.809117
loaded input_output = 09:19:41.814296
loading test code = 09:19:41.814318
timeout occured: alarm went off
start = 09:19:47.863282
loaded input_output = 09:19:47.921103
loading test code = 09:19:47.921140
start = 09:19:47.960152
loaded input_output = 09:19:47.960484
loading test code = 09:19:47.960493
start = 09:19:48.000538
loaded input_output = 09:19:48.004018
loading test code = 09:19:48.004034
start = 09:19:48.249553
loaded input_output = 09:19:48.249889
loading test code = 09:19:48.249899
start = 09:19:48.240498
loaded input_output = 09:19:48.240849
loading test code = 09:19:48.240857
start = 09:19:48.068273
loaded input_output = 09:19:48.068556
loading test code = 09:19:48.068567
start = 09:19:48.016532
loaded input_output = 09:19:48.016822
loading test code = 09:19:48.016831
start = 09:19:48.490074
loaded input_output = 09:19:48.490358
loading test code = 09:19:48.490368
start = 09:19:48.493845
loaded input_output = 09:19:48.494165
loading test code = 09:19:48.494177
start = 09:19:48.230329
loaded input_output = 09:19:48.230772
loading test code = 09:19:48.230786
start = 09:19:48.610907
loaded input_output = 09:19:48.680362
loading test code = 09:19:48.680393
start = 09:19:48.732696
loaded input_output = 09:19:48.733767
loading test code = 09:19:48.733782
start = 09:19:48.735209
loaded input_output = 09:19:48.735480
loading test code = 09:19:48.735488
start = 09:19:45.620686
loaded input_output = 09:19:45.683275
loading test code = 09:19:45.683311
start = 09:19:48.920804
loaded input_output = 09:19:48.921106
loading test code = 09:19:48.921116
start = 09:19:48.975456
loaded input_output = 09:19:48.975746
loading test code = 09:19:48.975756
start = 09:19:48.966304
loaded input_output = 09:19:48.966653
loading test code = 09:19:48.966662
start = 09:19:48.748250
loaded input_output = 09:19:48.748687
loading test code = 09:19:48.748699
start = 09:19:49.107566
loaded input_output = 09:19:49.108087
loading test code = 09:19:49.108100
start = 09:19:49.273638
loaded input_output = 09:19:49.278185
loading test code = 09:19:49.278209
start = 09:19:42.893194
loaded input_output = 09:19:42.948243
loading test code = 09:19:42.948285
timeout occured: alarm went off
start = 09:19:49.192938
loaded input_output = 09:19:49.193264
loading test code = 09:19:49.193274
start = 09:19:49.184274
loaded input_output = 09:19:49.184681
loading test code = 09:19:49.184691
start = 09:19:49.400840
loaded input_output = 09:19:49.550250
loading test code = 09:19:49.550281
start = 09:19:49.263705
loaded input_output = 09:19:49.264065
loading test code = 09:19:49.264077
start = 09:19:49.603842
loaded input_output = 09:19:49.604363
loading test code = 09:19:49.604373
start = 09:19:49.693738
loaded input_output = 09:19:49.693992
loading test code = 09:19:49.694001
start = 09:19:49.785446
loaded input_output = 09:19:49.786330
loading test code = 09:19:49.786343
start = 09:19:49.824679
loaded input_output = 09:19:49.825536
loading test code = 09:19:49.825557
start = 09:19:49.856668
loaded input_output = 09:19:49.857126
loading test code = 09:19:49.857137
start = 09:19:49.861020
loaded input_output = 09:19:49.892898
loading test code = 09:19:49.892932
start = 09:19:49.977788
loaded input_output = 09:19:49.978910
loading test code = 09:19:49.978921
start = 09:19:50.068247
loaded input_output = 09:19:50.068578
loading test code = 09:19:50.068588
start = 09:19:44.062252
loaded input_output = 09:19:44.075273
loading test code = 09:19:44.075311
timeout occured: alarm went off
start = 09:19:40.969445
loaded input_output = 09:19:40.973707
loading test code = 09:19:40.973736
start = 09:19:50.052305
loaded input_output = 09:19:50.052570
loading test code = 09:19:50.052578
start = 09:19:50.355207
loaded input_output = 09:19:50.355521
loading test code = 09:19:50.355529
start = 09:19:50.127305
loaded input_output = 09:19:50.127674
loading test code = 09:19:50.127685
start = 09:19:50.154552
loaded input_output = 09:19:50.562534
loading test code = 09:19:50.562572
start = 09:19:50.627250
loaded input_output = 09:19:50.627842
loading test code = 09:19:50.627856
start = 09:19:50.665283
loaded input_output = 09:19:50.665565
loading test code = 09:19:50.665575
start = 09:19:50.674982
loaded input_output = 09:19:50.675293
loading test code = 09:19:50.675303
start = 09:19:44.012311
loaded input_output = 09:19:44.088677
loading test code = 09:19:44.088713
timeout occured: alarm went off
start = 09:19:44.785454
loaded input_output = 09:19:44.785752
loading test code = 09:19:44.785764
timeout occured: alarm went off
start = 09:19:50.506915
loaded input_output = 09:19:50.507219
loading test code = 09:19:50.507229
start = 09:19:43.452747
loaded input_output = 09:19:43.495475
loading test code = 09:19:43.495514
timeout occured: alarm went off
start = 09:19:51.013313
loaded input_output = 09:19:51.013762
loading test code = 09:19:51.013772
start = 09:19:50.993603
loaded input_output = 09:19:50.994214
loading test code = 09:19:50.994225
start = 09:19:50.726575
loaded input_output = 09:19:50.726869
loading test code = 09:19:50.726878
start = 09:19:51.054324
loaded input_output = 09:19:51.055961
loading test code = 09:19:51.055977
start = 09:19:50.948184
loaded input_output = 09:19:51.060008
loading test code = 09:19:51.060048
start = 09:19:50.860518
loaded input_output = 09:19:50.861123
loading test code = 09:19:50.861132
start = 09:19:51.248926
loaded input_output = 09:19:51.250186
loading test code = 09:19:51.250202
start = 09:19:51.240183
loaded input_output = 09:19:51.240499
loading test code = 09:19:51.240510
start = 09:19:51.293375
loaded input_output = 09:19:51.293642
loading test code = 09:19:51.293651
start = 09:19:51.310494
loaded input_output = 09:19:51.310758
loading test code = 09:19:51.310769
start = 09:19:51.311327
loaded input_output = 09:19:51.311790
loading test code = 09:19:51.311800
start = 09:19:51.114365
loaded input_output = 09:19:51.114657
loading test code = 09:19:51.114667
start = 09:19:51.511213
loaded input_output = 09:19:51.511582
loading test code = 09:19:51.511593
start = 09:19:51.612526
loaded input_output = 09:19:51.613650
loading test code = 09:19:51.613665
start = 09:19:51.609769
loaded input_output = 09:19:51.610056
loading test code = 09:19:51.610065
start = 09:19:51.451714
loaded input_output = 09:19:51.452093
loading test code = 09:19:51.452105
start = 09:19:51.499019
loaded input_output = 09:19:51.499401
loading test code = 09:19:51.499411
start = 09:19:51.857297
loaded input_output = 09:19:51.859049
loading test code = 09:19:51.859063
start = 09:19:51.858435
loaded input_output = 09:19:51.859731
loading test code = 09:19:51.859748
start = 09:19:51.716633
loaded input_output = 09:19:51.716906
loading test code = 09:19:51.716916
start = 09:19:51.765157
loaded input_output = 09:19:51.765696
loading test code = 09:19:51.765707
start = 09:19:41.373725
loaded input_output = 09:19:41.374045
loading test code = 09:19:41.374056
timeout occured: alarm went off
start = 09:19:52.071664
loaded input_output = 09:19:52.071955
loading test code = 09:19:52.071965
start = 09:19:52.132161
loaded input_output = 09:19:52.132676
loading test code = 09:19:52.132694
start = 09:19:52.251677
loaded input_output = 09:19:52.258448
loading test code = 09:19:52.258469
start = 09:19:52.283902
loaded input_output = 09:19:52.302711
loading test code = 09:19:52.307209
start = 09:19:52.122758
loaded input_output = 09:19:52.123068
loading test code = 09:19:52.123079
start = 09:19:52.338884
loaded input_output = 09:19:52.339488
loading test code = 09:19:52.339498
start = 09:19:52.397373
loaded input_output = 09:19:52.397662
loading test code = 09:19:52.397671
start = 09:19:52.594242
loaded input_output = 09:19:52.594642
loading test code = 09:19:52.594652
start = 09:19:52.338925
loaded input_output = 09:19:52.387996
loading test code = 09:19:52.388028
start = 09:19:52.537127
loaded input_output = 09:19:52.537381
loading test code = 09:19:52.537390
start = 09:19:52.721458
loaded input_output = 09:19:52.721770
loading test code = 09:19:52.721780
start = 09:19:52.864990
loaded input_output = 09:19:52.865466
loading test code = 09:19:52.865476
start = 09:19:52.910563
loaded input_output = 09:19:52.911151
loading test code = 09:19:52.911165
start = 09:19:53.251516
loaded input_output = 09:19:53.252893
loading test code = 09:19:53.252907
start = 09:19:47.108108
loaded input_output = 09:19:47.116177
loading test code = 09:19:47.116204
start = 09:19:50.249710
loaded input_output = 09:19:50.328350
loading test code = 09:19:50.328390
start = 09:19:53.136304
loaded input_output = 09:19:53.136663
loading test code = 09:19:53.136672
start = 09:19:53.426084
loaded input_output = 09:19:53.426562
loading test code = 09:19:53.426572
start = 09:19:53.446697
loaded input_output = 09:19:53.447428
loading test code = 09:19:53.447442
start = 09:19:53.628071
loaded input_output = 09:19:53.629232
loading test code = 09:19:53.629244
start = 09:19:53.728274
loaded input_output = 09:19:53.733701
loading test code = 09:19:53.733721
start = 09:19:53.726459
loaded input_output = 09:19:53.726773
loading test code = 09:19:53.726791
start = 09:19:53.537699
loaded input_output = 09:19:53.538035
loading test code = 09:19:53.538049
start = 09:19:53.533906
loaded input_output = 09:19:53.534449
loading test code = 09:19:53.534460
start = 09:19:53.923284
loaded input_output = 09:19:53.923761
loading test code = 09:19:53.923772
start = 09:19:54.022079
loaded input_output = 09:19:54.023435
loading test code = 09:19:54.023446
start = 09:19:54.064668
loaded input_output = 09:19:54.065084
loading test code = 09:19:54.065093
start = 09:19:54.155484
loaded input_output = 09:19:54.155835
loading test code = 09:19:54.155846
start = 09:19:54.088695
loaded input_output = 09:19:54.168438
loading test code = 09:19:54.168475
start = 09:19:53.617181
loaded input_output = 09:19:53.619465
loading test code = 09:19:53.619481
start = 09:19:54.314187
loaded input_output = 09:19:54.314505
loading test code = 09:19:54.314515
start = 09:19:54.405092
loaded input_output = 09:19:54.405770
loading test code = 09:19:54.405789
start = 09:19:54.436240
loaded input_output = 09:19:54.436532
loading test code = 09:19:54.436541
start = 09:19:54.439453
loaded input_output = 09:19:54.454209
loading test code = 09:19:54.454249
start = 09:19:51.302150
loaded input_output = 09:19:51.305083
loading test code = 09:19:51.305104
start = 09:19:54.584443
loaded input_output = 09:19:54.584892
loading test code = 09:19:54.584903
start = 09:19:54.345957
loaded input_output = 09:19:54.346238
loading test code = 09:19:54.346248
start = 09:19:54.671175
loaded input_output = 09:19:54.671627
loading test code = 09:19:54.671639
start = 09:19:54.710550
loaded input_output = 09:19:54.710869
loading test code = 09:19:54.710879
start = 09:19:54.706300
loaded input_output = 09:19:54.706653
loading test code = 09:19:54.706661
start = 09:19:54.740800
loaded input_output = 09:19:54.741060
loading test code = 09:19:54.741068
start = 09:19:54.819281
loaded input_output = 09:19:54.822245
loading test code = 09:19:54.822257
start = 09:19:54.878450
loaded input_output = 09:19:54.878948
loading test code = 09:19:54.878959
start = 09:19:54.941990
loaded input_output = 09:19:54.945289
loading test code = 09:19:54.945305
start = 09:19:55
loaded input_output = 09:19:55.123222
loading test code = 09:19:55.123268
start = 09:19:55.111267
loaded input_output = 09:19:55.127374
loading test code = 09:19:55.127399
start = 09:19:55.188767
loaded input_output = 09:19:55.189592
loading test code = 09:19:55.189604
start = 09:19:55.216902
loaded input_output = 09:19:55.217301
loading test code = 09:19:55.217311
start = 09:19:54.946821
loaded input_output = 09:19:54.947125
loading test code = 09:19:54.947136
start = 09:19:54.985275
loaded input_output = 09:19:54.985647
loading test code = 09:19:54.985657
start = 09:19:55.382134
loaded input_output = 09:19:55.382403
loading test code = 09:19:55.382414
start = 09:19:55.442666
loaded input_output = 09:19:55.443002
loading test code = 09:19:55.443014
start = 09:19:55.487263
loaded input_output = 09:19:55.488053
loading test code = 09:19:55.488062
start = 09:19:55.385315
loaded input_output = 09:19:55.385599
loading test code = 09:19:55.385609
start = 09:19:49.556642
loaded input_output = 09:19:49.557522
loading test code = 09:19:49.557533
start = 09:19:55.491970
loaded input_output = 09:19:55.492222
loading test code = 09:19:55.492232
start = 09:19:55.581531
loaded input_output = 09:19:55.615061
loading test code = 09:19:55.615093
start = 09:19:55.714006
loaded input_output = 09:19:55.714303
loading test code = 09:19:55.714314
start = 09:19:55.719291
loaded input_output = 09:19:55.719640
loading test code = 09:19:55.719652
start = 09:19:55.780050
loaded input_output = 09:19:55.781269
loading test code = 09:19:55.781282
start = 09:19:55.910853
loaded input_output = 09:19:55.921618
loading test code = 09:19:55.921652
start = 09:19:55.765259
loaded input_output = 09:19:55.955253
loading test code = 09:19:55.955294
start = 09:19:55.904597
loaded input_output = 09:19:55.960888
loading test code = 09:19:55.960927
start = 09:19:55.990673
loaded input_output = 09:19:55.992637
loading test code = 09:19:55.992651
start = 09:19:55.986694
loaded input_output = 09:19:56.089953
loading test code = 09:19:56.089984
start = 09:19:56.096704
loaded input_output = 09:19:56.097473
loading test code = 09:19:56.097486
start = 09:19:56.249456
loaded input_output = 09:19:56.251523
loading test code = 09:19:56.251539
start = 09:19:56.241463
loaded input_output = 09:19:56.241788
loading test code = 09:19:56.241802
start = 09:19:56.304411
loaded input_output = 09:19:56.304667
loading test code = 09:19:56.304676
start = 09:19:56.367515
loaded input_output = 09:19:56.367834
loading test code = 09:19:56.367843
start = 09:19:56.334287
loaded input_output = 09:19:56.397956
loading test code = 09:19:56.397991
start = 09:19:56.236538
loaded input_output = 09:19:56.508961
loading test code = 09:19:56.509001
start = 09:19:56.539057
loaded input_output = 09:19:56.539567
loading test code = 09:19:56.539577
start = 09:19:56.570982
loaded input_output = 09:19:56.571295
loading test code = 09:19:56.571305
start = 09:19:56.717117
loaded input_output = 09:19:56.717438
loading test code = 09:19:56.717448
start = 09:19:56.698658
loaded input_output = 09:19:56.699458
loading test code = 09:19:56.699471
start = 09:19:56.774638
loaded input_output = 09:19:56.781999
loading test code = 09:19:56.782023
start = 09:19:56.810252
loaded input_output = 09:19:56.810596
loading test code = 09:19:56.810607
start = 09:19:56.873929
loaded input_output = 09:19:56.874238
loading test code = 09:19:56.874247
start = 09:19:50.906231
loaded input_output = 09:19:50.914403
loading test code = 09:19:50.914433
start = 09:19:56.974593
loaded input_output = 09:19:56.975048
loading test code = 09:19:56.975059
start = 09:19:57.031164
loaded input_output = 09:19:57.031564
loading test code = 09:19:57.031577
start = 09:19:56.974702
loaded input_output = 09:19:57.026590
loading test code = 09:19:57.026621
start = 09:19:57.065312
loaded input_output = 09:19:57.068442
loading test code = 09:19:57.068472
start = 09:19:57.196994
loaded input_output = 09:19:57.198847
loading test code = 09:19:57.198861
start = 09:19:57.229237
loaded input_output = 09:19:57.232821
loading test code = 09:19:57.232840
start = 09:19:57.278602
loaded input_output = 09:19:57.283611
loading test code = 09:19:57.283632
start = 09:19:57.305352
loaded input_output = 09:19:57.306610
loading test code = 09:19:57.306624
start = 09:19:57.315859
loaded input_output = 09:19:57.318570
loading test code = 09:19:57.318587
start = 09:19:57.368308
loaded input_output = 09:19:57.370393
loading test code = 09:19:57.370406
start = 09:19:57.483870
loaded input_output = 09:19:57.484233
loading test code = 09:19:57.484243
start = 09:19:57.550191
loaded input_output = 09:19:57.556486
loading test code = 09:19:57.556509
start = 09:19:51.585659
loaded input_output = 09:19:51.588897
loading test code = 09:19:51.588913
start = 09:19:47.102661
loaded input_output = 09:19:47.166357
loading test code = 09:19:47.166391
start = 09:19:48.579884
loaded input_output = 09:19:48.760939
loading test code = 09:19:48.760977
start = 09:19:52.737556
loaded input_output = 09:19:52.738341
loading test code = 09:19:52.738352
start = 09:19:52.706530
loaded input_output = 09:19:52.749541
loading test code = 09:19:52.749572
start = 09:19:52.067860
loaded input_output = 09:19:52.069971
loading test code = 09:19:52.069985
start = 09:19:54.152584
loaded input_output = 09:19:54.458025
loading test code = 09:19:54.458053
start = 09:19:56.552349
loaded input_output = 09:19:56.552759
loading test code = 09:19:56.552767
start = 09:19:55.689009
loaded input_output = 09:19:55.689539
loading test code = 09:19:55.689548
[JUDGED] L01: pass@1=17.36% empty=7 wall=306.8s
global timeout
