Using CPython 3.10.6 interpreter at: /usr/bin/python3.10
Creating virtual environment at: .venv
Resolved 97 packages in 87ms
Downloading torchvision (6.9MiB)
Downloading networkx (1.6MiB)
Downloading torch (732.8MiB)
Downloading numpy (16.0MiB)
Downloading nvidia-nccl-cu12 (179.9MiB)
Downloading sentencepiece (1.3MiB)
Downloading sympy (5.9MiB)
Downloading pygments (1.2MiB)
Downloading triton (241.4MiB)
Downloading nvidia-cudnn-cu12 (634.0MiB)
Downloading auto-gptq (22.4MiB)
Downloading aiohttp (1.6MiB)
Downloading pandas (12.2MiB)
Downloading tokenizers (3.1MiB)
Downloading kiwisolver (1.6MiB)
Downloading nvidia-cusparselt-cu12 (143.1MiB)
Downloading bitsandbytes (57.8MiB)
Downloading matplotlib (8.3MiB)
Downloading nvidia-nvjitlink-cu12 (20.1MiB)
Downloading gekko (12.6MiB)
Downloading nvidia-cuda-nvrtc-cu12 (23.5MiB)
Downloading nvidia-cufft-cu12 (201.7MiB)
Downloading nvidia-cuda-cupti-cu12 (13.2MiB)
Downloading nvidia-cublas-cu12 (346.6MiB)
Downloading pillow (6.7MiB)
Downloading scipy (35.9MiB)
Downloading fonttools (4.7MiB)
Downloading nvidia-cusolver-cu12 (122.0MiB)
Downloading nvidia-curand-cu12 (53.7MiB)
Downloading hf-xet (4.0MiB)
Downloading nvidia-cusparse-cu12 (197.8MiB)
Downloading pyarrow (45.4MiB)
Downloading modelscope (5.8MiB)
Downloading transformers (9.8MiB)
 Downloaded torchvision
 Downloaded torch
 Downloaded pygments
 Downloaded sentencepiece
 Downloaded kiwisolver
 Downloaded aiohttp
 Downloaded networkx
 Downloaded tokenizers
 Downloaded hf-xet
 Downloaded fonttools
 Downloaded modelscope
 Downloaded sympy
 Downloaded pillow
 Downloaded matplotlib
 Downloaded transformers
 Downloaded pandas
 Downloaded gekko
 Downloaded nvidia-cuda-cupti-cu12
 Downloaded numpy
Downloading nvidia-cufft-cu12 (201.7MiB)
Downloading nvidia-cusolver-cu12 (122.0MiB)
Downloading pyarrow (45.4MiB)
Downloading nvidia-cublas-cu12 (346.6MiB)
Downloading scipy (35.9MiB)
Downloading auto-gptq (22.4MiB)
Downloading bitsandbytes (57.8MiB)
Downloading nvidia-cusparselt-cu12 (143.1MiB)
Downloading nvidia-curand-cu12 (53.7MiB)
Downloading nvidia-nccl-cu12 (179.9MiB)
Downloading nvidia-cudnn-cu12 (634.0MiB)
Downloading nvidia-cusparse-cu12 (197.8MiB)
Downloading nvidia-nvjitlink-cu12 (20.1MiB)
Downloading triton (241.4MiB)
 Downloaded nvidia-cuda-nvrtc-cu12
 Downloaded nvidia-nvjitlink-cu12
 Downloaded auto-gptq
 Downloaded scipy
 Downloaded pyarrow
 Downloaded nvidia-curand-cu12
 Downloaded bitsandbytes
 Downloaded nvidia-cusolver-cu12
 Downloaded nvidia-cusparselt-cu12
 Downloaded nvidia-nccl-cu12
 Downloaded nvidia-cusparse-cu12
 Downloaded nvidia-cufft-cu12
 Downloaded triton
 Downloaded nvidia-cublas-cu12
 Downloaded nvidia-cudnn-cu12
Prepared 90 packages in 14m 06s
Installed 90 packages in 2.01s
 + accelerate==1.13.0
 + aiohappyeyeballs==2.6.1
 + aiohttp==3.13.5
 + aiosignal==1.4.0
 + annotated-doc==0.0.4
 + anyio==4.13.0
 + async-timeout==5.0.1
 + attrs==26.1.0
 + auto-gptq==0.7.1
 + bitsandbytes==0.49.2
 + certifi==2026.2.25
 + charset-normalizer==3.4.7
 + click==8.3.2
 + contourpy==1.3.2
 + cycler==0.12.1
 + datasets==4.8.4
 + dill==0.4.1
 + exceptiongroup==1.3.1
 + filelock==3.28.0
 + fonttools==4.62.1
 + frozenlist==1.8.0
 + fsspec==2026.2.0
 + gekko==1.3.2
 + h11==0.16.0
 + hf-xet==1.4.3
 + httpcore==1.0.9
 + httpx==0.28.1
 + huggingface-hub==1.10.2
 + idna==3.11
 + jinja2==3.1.6
 + kiwisolver==1.5.0
 + markdown-it-py==4.0.0
 + markupsafe==3.0.3
 + matplotlib==3.10.8
 + mdurl==0.1.2
 + modelscope==1.35.4
 + mpmath==1.3.0
 + multidict==6.7.1
 + multiprocess==0.70.19
 + networkx==3.4.2
 + numpy==2.2.6
 + nvidia-cublas-cu12==12.4.5.8
 + nvidia-cuda-cupti-cu12==12.4.127
 + nvidia-cuda-nvrtc-cu12==12.4.127
 + nvidia-cuda-runtime-cu12==12.4.127
 + nvidia-cudnn-cu12==9.1.0.70
 + nvidia-cufft-cu12==11.2.1.3
 + nvidia-curand-cu12==10.3.5.147
 + nvidia-cusolver-cu12==11.6.1.9
 + nvidia-cusparse-cu12==12.3.1.170
 + nvidia-cusparselt-cu12==0.6.2
 + nvidia-nccl-cu12==2.21.5
 + nvidia-nvjitlink-cu12==12.4.127
 + nvidia-nvtx-cu12==12.4.127
 + optimum==2.1.0
 + packaging==26.1
 + pandas==2.3.3
 + peft==0.19.0
 + pillow==12.2.0
 + propcache==0.4.1
 + psutil==7.2.2
 + pyarrow==23.0.1
 + pygments==2.20.0
 + pyparsing==3.3.2
 + python-dateutil==2.9.0.post0
 + pytz==2026.1.post1
 + pyyaml==6.0.3
 + regex==2026.4.4
 + requests==2.33.1
 + rich==15.0.0
 + rouge==1.0.1
 + safetensors==0.7.0
 + scipy==1.15.3
 + sentencepiece==0.2.1
 + setuptools==82.0.1
 + shellingham==1.5.4
 + six==1.17.0
 + sympy==1.13.1
 + tokenizers==0.22.2
 + torch==2.6.0+cu124
 + torchvision==0.21.0+cu124
 + tqdm==4.67.3
 + transformers==5.5.4
 + triton==3.2.0
 + typer==0.24.1
 + typing-extensions==4.15.0
 + tzdata==2026.1
 + urllib3==2.6.3
 + xxhash==3.6.0
 + yarl==1.23.0
